C:\Users\student\ra772012\lprs2\Projekat\implementation\system.ngc 1434539298
C:/Users/student/ra772012/lprs2/Projekat/implementation/system_my_peripheral_0_wrapper.ngc 1434539218
C:/Users/student/ra772012/lprs2/Projekat/implementation/system_rs232_wrapper.ngc 1434539209
C:/Users/student/ra772012/lprs2/Projekat/implementation/system_proc_sys_reset_0_wrapper.ngc 1434539105
C:/Users/student/ra772012/lprs2/Projekat/implementation/system_clock_generator_0_wrapper.ngc 1434539266
C:/Users/student/ra772012/lprs2/Projekat/implementation/system_vga_periph_mem_0_wrapper.ngc 1434539274
C:/Users/student/ra772012/lprs2/Projekat/implementation/system_microblaze_0_ilmb_wrapper.ngc 1434539253
C:/Users/student/ra772012/lprs2/Projekat/implementation/system_microblaze_0_dlmb_wrapper.ngc 1434539257
C:/Users/student/ra772012/lprs2/Projekat/implementation/system_axi4lite_0_wrapper.ngc 1434539270
C:/Users/student/ra772012/lprs2/Projekat/implementation/system_microblaze_0_wrapper.ngc 1434539261
C:/Users/student/ra772012/lprs2/Projekat/implementation/system_axi_intc_0_wrapper.ngc 1434539248
C:/Users/student/ra772012/lprs2/Projekat/implementation/system_microblaze_0_i_bram_ctrl_wrapper.ngc 1434539118
C:/Users/student/ra772012/lprs2/Projekat/implementation/system_microblaze_0_d_bram_ctrl_wrapper.ngc 1434539130
C:/Users/student/ra772012/lprs2/Projekat/implementation/system_debug_module_wrapper.ngc 1434539182
C:/Users/student/ra772012/lprs2/Projekat/implementation/system_microblaze_0_bram_block_wrapper.ngc 1434539137
OK
