17:27:02 **** Incremental Build of configuration Debug for project Space_invaders ****
make all 
make: Ništa za napraviti za `all'.
17:29:18 **** Auto Build of configuration Debug for project Space_invaders ****
make all 
Building file: ../src/SI_main.c
Invoking: MicroBlaze gcc compiler
mb-gcc -Wall -O0 -g3 -c -fmessage-length=0 -I../../Space_invaders_bsp/microblaze_0/include -mlittle-endian -mxl-barrel-shift -mxl-pattern-compare -mcpu=v8.50.b -mno-xl-soft-mul -Wl,--no-relax -ffunction-sections -fdata-sections -MMD -MP -MF"src/SI_main.d" -MT"src/SI_main.d" -o "src/SI_main.o" "../src/SI_main.c"
../src/SI_main.c: In function 'main':
../src/SI_main.c:40:12: warning: unused variable 'num_projectiles_in_col' [-Wunused-variable]
../src/SI_main.c:39:12: warning: unused variable 'projectiles_map' [-Wunused-variable]
Finished building: ../src/SI_main.c
 
Building target: Space_invaders.elf
Invoking: MicroBlaze gcc linker
mb-gcc -Wl,-T -Wl,../src/lscript.ld -L../../Space_invaders_bsp/microblaze_0/lib -mlittle-endian -mxl-barrel-shift -mxl-pattern-compare -mcpu=v8.50.b -mno-xl-soft-mul -Wl,--no-relax -Wl,--gc-sections -o "Space_invaders.elf"  ./src/SI_draw.o ./src/SI_globals.o ./src/SI_interrupt.o ./src/SI_logic.o ./src/SI_main.o ./src/platform.o   -Wl,--start-group,-lxil,-lgcc,-lc,--end-group
Finished building target: Space_invaders.elf
 
Invoking: MicroBlaze Print Size
mb-size Space_invaders.elf  |tee "Space_invaders.elf.size"
   text	   data	    bss	    dec	    hex	filename
  12178	    316	   2330	  14824	   39e8	Space_invaders.elf
Finished building: Space_invaders.elf.size
 
Invoking: Xilinx ELF Check
elfcheck Space_invaders.elf -hw ../../Projekat_hw_platform/system.xml -pe microblaze_0  |tee "Space_invaders.elf.elfcheck"
elfcheck
Xilinx EDK 14.6 Build EDK_P.68d
Copyright (c) 1995-2012 Xilinx, Inc.  All rights reserved.

Command Line: elfcheck -hw ../../Projekat_hw_platform/system.xml -pe
microblaze_0 Space_invaders.elf 

ELF file	: Space_invaders.elf
elfcheck passed.
Finished building: Space_invaders.elf.elfcheck
 
17:30:45 **** Auto Build of configuration Debug for project Space_invaders ****
make all 
Building file: ../src/SI_main.c
Invoking: MicroBlaze gcc compiler
mb-gcc -Wall -O0 -g3 -c -fmessage-length=0 -I../../Space_invaders_bsp/microblaze_0/include -mlittle-endian -mxl-barrel-shift -mxl-pattern-compare -mcpu=v8.50.b -mno-xl-soft-mul -Wl,--no-relax -ffunction-sections -fdata-sections -MMD -MP -MF"src/SI_main.d" -MT"src/SI_main.d" -o "src/SI_main.o" "../src/SI_main.c"
../src/SI_main.c: In function 'main':
../src/SI_main.c:40:12: warning: unused variable 'projectiles_num' [-Wunused-variable]
../src/SI_main.c:39:12: warning: unused variable 'projectiles_map' [-Wunused-variable]
Finished building: ../src/SI_main.c
 
Building target: Space_invaders.elf
Invoking: MicroBlaze gcc linker
mb-gcc -Wl,-T -Wl,../src/lscript.ld -L../../Space_invaders_bsp/microblaze_0/lib -mlittle-endian -mxl-barrel-shift -mxl-pattern-compare -mcpu=v8.50.b -mno-xl-soft-mul -Wl,--no-relax -Wl,--gc-sections -o "Space_invaders.elf"  ./src/SI_draw.o ./src/SI_globals.o ./src/SI_interrupt.o ./src/SI_logic.o ./src/SI_main.o ./src/platform.o   -Wl,--start-group,-lxil,-lgcc,-lc,--end-group
Finished building target: Space_invaders.elf
 
Invoking: MicroBlaze Print Size
mb-size Space_invaders.elf  |tee "Space_invaders.elf.size"
   text	   data	    bss	    dec	    hex	filename
  12178	    316	   2330	  14824	   39e8	Space_invaders.elf
Finished building: Space_invaders.elf.size
 
Invoking: Xilinx ELF Check
elfcheck Space_invaders.elf -hw ../../Projekat_hw_platform/system.xml -pe microblaze_0  |tee "Space_invaders.elf.elfcheck"
elfcheck
Xilinx EDK 14.6 Build EDK_P.68d
Copyright (c) 1995-2012 Xilinx, Inc.  All rights reserved.

Command Line: elfcheck -hw ../../Projekat_hw_platform/system.xml -pe
microblaze_0 Space_invaders.elf 

ELF file	: Space_invaders.elf
elfcheck passed.
Finished building: Space_invaders.elf.elfcheck
 
17:33:39 **** Auto Build of configuration Debug for project Space_invaders ****
make all 
Building file: ../src/SI_main.c
Invoking: MicroBlaze gcc compiler
mb-gcc -Wall -O0 -g3 -c -fmessage-length=0 -I../../Space_invaders_bsp/microblaze_0/include -mlittle-endian -mxl-barrel-shift -mxl-pattern-compare -mcpu=v8.50.b -mno-xl-soft-mul -Wl,--no-relax -ffunction-sections -fdata-sections -MMD -MP -MF"src/SI_main.d" -MT"src/SI_main.d" -o "src/SI_main.o" "../src/SI_main.c"
../src/SI_main.c: In function 'main':
../src/SI_main.c:66:7: error: 'j' undeclared (first use in this function)
../src/SI_main.c:66:7: note: each undeclared identifier is reported only once for each function it appears in
../src/SI_main.c:40:12: warning: variable 'projectiles_num' set but not used [-Wunused-but-set-variable]
../src/SI_main.c:39:12: warning: variable 'projectiles_map' set but not used [-Wunused-but-set-variable]
make: *** [src/SI_main.o] Greška 1
17:33:54 **** Auto Build of configuration Debug for project Space_invaders ****
make all 
Building file: ../src/SI_main.c
Invoking: MicroBlaze gcc compiler
mb-gcc -Wall -O0 -g3 -c -fmessage-length=0 -I../../Space_invaders_bsp/microblaze_0/include -mlittle-endian -mxl-barrel-shift -mxl-pattern-compare -mcpu=v8.50.b -mno-xl-soft-mul -Wl,--no-relax -ffunction-sections -fdata-sections -MMD -MP -MF"src/SI_main.d" -MT"src/SI_main.d" -o "src/SI_main.o" "../src/SI_main.c"
../src/SI_main.c: In function 'main':
../src/SI_main.c:41:12: warning: variable 'projectiles_num' set but not used [-Wunused-but-set-variable]
../src/SI_main.c:40:12: warning: variable 'projectiles_map' set but not used [-Wunused-but-set-variable]
Finished building: ../src/SI_main.c
 
Building target: Space_invaders.elf
Invoking: MicroBlaze gcc linker
mb-gcc -Wl,-T -Wl,../src/lscript.ld -L../../Space_invaders_bsp/microblaze_0/lib -mlittle-endian -mxl-barrel-shift -mxl-pattern-compare -mcpu=v8.50.b -mno-xl-soft-mul -Wl,--no-relax -Wl,--gc-sections -o "Space_invaders.elf"  ./src/SI_draw.o ./src/SI_globals.o ./src/SI_interrupt.o ./src/SI_logic.o ./src/SI_main.o ./src/platform.o   -Wl,--start-group,-lxil,-lgcc,-lc,--end-group
Finished building target: Space_invaders.elf
 
Invoking: MicroBlaze Print Size
mb-size Space_invaders.elf  |tee "Space_invaders.elf.size"
   text	   data	    bss	    dec	    hex	filename
  12298	    316	   2330	  14944	   3a60	Space_invaders.elf
Finished building: Space_invaders.elf.size
 
Invoking: Xilinx ELF Check
elfcheck Space_invaders.elf -hw ../../Projekat_hw_platform/system.xml -pe microblaze_0  |tee "Space_invaders.elf.elfcheck"
elfcheck
Xilinx EDK 14.6 Build EDK_P.68d
Copyright (c) 1995-2012 Xilinx, Inc.  All rights reserved.

Command Line: elfcheck -hw ../../Projekat_hw_platform/system.xml -pe
microblaze_0 Space_invaders.elf 

ELF file	: Space_invaders.elf
elfcheck passed.
Finished building: Space_invaders.elf.elfcheck
 
17:35:12 **** Auto Build of configuration Debug for project Space_invaders ****
make all 
Building file: ../src/SI_main.c
Invoking: MicroBlaze gcc compiler
mb-gcc -Wall -O0 -g3 -c -fmessage-length=0 -I../../Space_invaders_bsp/microblaze_0/include -mlittle-endian -mxl-barrel-shift -mxl-pattern-compare -mcpu=v8.50.b -mno-xl-soft-mul -Wl,--no-relax -ffunction-sections -fdata-sections -MMD -MP -MF"src/SI_main.d" -MT"src/SI_main.d" -o "src/SI_main.o" "../src/SI_main.c"
../src/SI_main.c: In function 'main':
../src/SI_main.c:41:12: warning: variable 'projectiles_num' set but not used [-Wunused-but-set-variable]
../src/SI_main.c:40:12: warning: variable 'projectiles_map' set but not used [-Wunused-but-set-variable]
Finished building: ../src/SI_main.c
 
Building target: Space_invaders.elf
Invoking: MicroBlaze gcc linker
mb-gcc -Wl,-T -Wl,../src/lscript.ld -L../../Space_invaders_bsp/microblaze_0/lib -mlittle-endian -mxl-barrel-shift -mxl-pattern-compare -mcpu=v8.50.b -mno-xl-soft-mul -Wl,--no-relax -Wl,--gc-sections -o "Space_invaders.elf"  ./src/SI_draw.o ./src/SI_globals.o ./src/SI_interrupt.o ./src/SI_logic.o ./src/SI_main.o ./src/platform.o   -Wl,--start-group,-lxil,-lgcc,-lc,--end-group
Finished building target: Space_invaders.elf
 
Invoking: MicroBlaze Print Size
mb-size Space_invaders.elf  |tee "Space_invaders.elf.size"
   text	   data	    bss	    dec	    hex	filename
  12298	    316	   2330	  14944	   3a60	Space_invaders.elf
Finished building: Space_invaders.elf.size
 
Invoking: Xilinx ELF Check
elfcheck Space_invaders.elf -hw ../../Projekat_hw_platform/system.xml -pe microblaze_0  |tee "Space_invaders.elf.elfcheck"
elfcheck
Xilinx EDK 14.6 Build EDK_P.68d
Copyright (c) 1995-2012 Xilinx, Inc.  All rights reserved.

Command Line: elfcheck -hw ../../Projekat_hw_platform/system.xml -pe
microblaze_0 Space_invaders.elf 

ELF file	: Space_invaders.elf
elfcheck passed.
Finished building: Space_invaders.elf.elfcheck
 
17:35:44 **** Auto Build of configuration Debug for project Space_invaders ****
make all 
Building file: ../src/SI_main.c
Invoking: MicroBlaze gcc compiler
mb-gcc -Wall -O0 -g3 -c -fmessage-length=0 -I../../Space_invaders_bsp/microblaze_0/include -mlittle-endian -mxl-barrel-shift -mxl-pattern-compare -mcpu=v8.50.b -mno-xl-soft-mul -Wl,--no-relax -ffunction-sections -fdata-sections -MMD -MP -MF"src/SI_main.d" -MT"src/SI_main.d" -o "src/SI_main.o" "../src/SI_main.c"
../src/SI_main.c: In function 'main':
../src/SI_main.c:41:12: warning: variable 'projectiles_num' set but not used [-Wunused-but-set-variable]
../src/SI_main.c:40:12: warning: variable 'projectiles_map' set but not used [-Wunused-but-set-variable]
Finished building: ../src/SI_main.c
 
Building target: Space_invaders.elf
Invoking: MicroBlaze gcc linker
mb-gcc -Wl,-T -Wl,../src/lscript.ld -L../../Space_invaders_bsp/microblaze_0/lib -mlittle-endian -mxl-barrel-shift -mxl-pattern-compare -mcpu=v8.50.b -mno-xl-soft-mul -Wl,--no-relax -Wl,--gc-sections -o "Space_invaders.elf"  ./src/SI_draw.o ./src/SI_globals.o ./src/SI_interrupt.o ./src/SI_logic.o ./src/SI_main.o ./src/platform.o   -Wl,--start-group,-lxil,-lgcc,-lc,--end-group
Finished building target: Space_invaders.elf
 
Invoking: MicroBlaze Print Size
mb-size Space_invaders.elf  |tee "Space_invaders.elf.size"
   text	   data	    bss	    dec	    hex	filename
  12298	    316	   2330	  14944	   3a60	Space_invaders.elf
Finished building: Space_invaders.elf.size
 
Invoking: Xilinx ELF Check
elfcheck Space_invaders.elf -hw ../../Projekat_hw_platform/system.xml -pe microblaze_0  |tee "Space_invaders.elf.elfcheck"
elfcheck
Xilinx EDK 14.6 Build EDK_P.68d
Copyright (c) 1995-2012 Xilinx, Inc.  All rights reserved.

Command Line: elfcheck -hw ../../Projekat_hw_platform/system.xml -pe
microblaze_0 Space_invaders.elf 

ELF file	: Space_invaders.elf
elfcheck passed.
Finished building: Space_invaders.elf.elfcheck
 
17:35:53 **** Auto Build of configuration Debug for project Space_invaders ****
make all 
Building file: ../src/SI_main.c
Invoking: MicroBlaze gcc compiler
mb-gcc -Wall -O0 -g3 -c -fmessage-length=0 -I../../Space_invaders_bsp/microblaze_0/include -mlittle-endian -mxl-barrel-shift -mxl-pattern-compare -mcpu=v8.50.b -mno-xl-soft-mul -Wl,--no-relax -ffunction-sections -fdata-sections -MMD -MP -MF"src/SI_main.d" -MT"src/SI_main.d" -o "src/SI_main.o" "../src/SI_main.c"
../src/SI_main.c: In function 'main':
../src/SI_main.c:41:12: warning: variable 'projectiles_num' set but not used [-Wunused-but-set-variable]
../src/SI_main.c:40:12: warning: variable 'projectiles_map' set but not used [-Wunused-but-set-variable]
Finished building: ../src/SI_main.c
 
Building target: Space_invaders.elf
Invoking: MicroBlaze gcc linker
mb-gcc -Wl,-T -Wl,../src/lscript.ld -L../../Space_invaders_bsp/microblaze_0/lib -mlittle-endian -mxl-barrel-shift -mxl-pattern-compare -mcpu=v8.50.b -mno-xl-soft-mul -Wl,--no-relax -Wl,--gc-sections -o "Space_invaders.elf"  ./src/SI_draw.o ./src/SI_globals.o ./src/SI_interrupt.o ./src/SI_logic.o ./src/SI_main.o ./src/platform.o   -Wl,--start-group,-lxil,-lgcc,-lc,--end-group
Finished building target: Space_invaders.elf
 
Invoking: MicroBlaze Print Size
mb-size Space_invaders.elf  |tee "Space_invaders.elf.size"
   text	   data	    bss	    dec	    hex	filename
  12298	    316	   2330	  14944	   3a60	Space_invaders.elf
Finished building: Space_invaders.elf.size
 
Invoking: Xilinx ELF Check
elfcheck Space_invaders.elf -hw ../../Projekat_hw_platform/system.xml -pe microblaze_0  |tee "Space_invaders.elf.elfcheck"
elfcheck
Xilinx EDK 14.6 Build EDK_P.68d
Copyright (c) 1995-2012 Xilinx, Inc.  All rights reserved.

Command Line: elfcheck -hw ../../Projekat_hw_platform/system.xml -pe
microblaze_0 Space_invaders.elf 

ELF file	: Space_invaders.elf
elfcheck passed.
Finished building: Space_invaders.elf.elfcheck
 
17:39:01 **** Auto Build of configuration Debug for project Space_invaders ****
make all 
make: Ništa za napraviti za `all'.
17:39:13 **** Auto Build of configuration Debug for project Space_invaders ****
make all 
Building file: ../src/SI_draw.c
Invoking: MicroBlaze gcc compiler
mb-gcc -Wall -O0 -g3 -c -fmessage-length=0 -I../../Space_invaders_bsp/microblaze_0/include -mlittle-endian -mxl-barrel-shift -mxl-pattern-compare -mcpu=v8.50.b -mno-xl-soft-mul -Wl,--no-relax -ffunction-sections -fdata-sections -MMD -MP -MF"src/SI_draw.d" -MT"src/SI_draw.d" -o "src/SI_draw.o" "../src/SI_draw.c"
../src/SI_draw.c:114:6: error: redefinition of 'draw_ship'
../src/SI_draw.c:83:6: note: previous definition of 'draw_ship' was here
make: *** [src/SI_draw.o] Greška 1
17:39:27 **** Auto Build of configuration Debug for project Space_invaders ****
make all 
Building file: ../src/SI_draw.c
Invoking: MicroBlaze gcc compiler
mb-gcc -Wall -O0 -g3 -c -fmessage-length=0 -I../../Space_invaders_bsp/microblaze_0/include -mlittle-endian -mxl-barrel-shift -mxl-pattern-compare -mcpu=v8.50.b -mno-xl-soft-mul -Wl,--no-relax -ffunction-sections -fdata-sections -MMD -MP -MF"src/SI_draw.d" -MT"src/SI_draw.d" -o "src/SI_draw.o" "../src/SI_draw.c"
Finished building: ../src/SI_draw.c
 
Building target: Space_invaders.elf
Invoking: MicroBlaze gcc linker
mb-gcc -Wl,-T -Wl,../src/lscript.ld -L../../Space_invaders_bsp/microblaze_0/lib -mlittle-endian -mxl-barrel-shift -mxl-pattern-compare -mcpu=v8.50.b -mno-xl-soft-mul -Wl,--no-relax -Wl,--gc-sections -o "Space_invaders.elf"  ./src/SI_draw.o ./src/SI_globals.o ./src/SI_interrupt.o ./src/SI_logic.o ./src/SI_main.o ./src/platform.o   -Wl,--start-group,-lxil,-lgcc,-lc,--end-group
Finished building target: Space_invaders.elf
 
Invoking: MicroBlaze Print Size
mb-size Space_invaders.elf  |tee "Space_invaders.elf.size"
   text	   data	    bss	    dec	    hex	filename
  12298	    316	   2330	  14944	   3a60	Space_invaders.elf
Finished building: Space_invaders.elf.size
 
Invoking: Xilinx ELF Check
elfcheck Space_invaders.elf -hw ../../Projekat_hw_platform/system.xml -pe microblaze_0  |tee "Space_invaders.elf.elfcheck"
elfcheck
Xilinx EDK 14.6 Build EDK_P.68d
Copyright (c) 1995-2012 Xilinx, Inc.  All rights reserved.

Command Line: elfcheck -hw ../../Projekat_hw_platform/system.xml -pe
microblaze_0 Space_invaders.elf 

ELF file	: Space_invaders.elf
elfcheck passed.
Finished building: Space_invaders.elf.elfcheck
 
17:41:44 **** Auto Build of configuration Debug for project Space_invaders ****
make all 
Building file: ../src/SI_draw.c
Invoking: MicroBlaze gcc compiler
mb-gcc -Wall -O0 -g3 -c -fmessage-length=0 -I../../Space_invaders_bsp/microblaze_0/include -mlittle-endian -mxl-barrel-shift -mxl-pattern-compare -mcpu=v8.50.b -mno-xl-soft-mul -Wl,--no-relax -ffunction-sections -fdata-sections -MMD -MP -MF"src/SI_draw.d" -MT"src/SI_draw.d" -o "src/SI_draw.o" "../src/SI_draw.c"
../src/SI_draw.c: In function 'draw_projectile':
../src/SI_draw.c:116:6: warning: unused variable 'i' [-Wunused-variable]
Finished building: ../src/SI_draw.c
 
Building target: Space_invaders.elf
Invoking: MicroBlaze gcc linker
mb-gcc -Wl,-T -Wl,../src/lscript.ld -L../../Space_invaders_bsp/microblaze_0/lib -mlittle-endian -mxl-barrel-shift -mxl-pattern-compare -mcpu=v8.50.b -mno-xl-soft-mul -Wl,--no-relax -Wl,--gc-sections -o "Space_invaders.elf"  ./src/SI_draw.o ./src/SI_globals.o ./src/SI_interrupt.o ./src/SI_logic.o ./src/SI_main.o ./src/platform.o   -Wl,--start-group,-lxil,-lgcc,-lc,--end-group
Finished building target: Space_invaders.elf
 
Invoking: MicroBlaze Print Size
mb-size Space_invaders.elf  |tee "Space_invaders.elf.size"
   text	   data	    bss	    dec	    hex	filename
  12298	    316	   2330	  14944	   3a60	Space_invaders.elf
Finished building: Space_invaders.elf.size
 
Invoking: Xilinx ELF Check
elfcheck Space_invaders.elf -hw ../../Projekat_hw_platform/system.xml -pe microblaze_0  |tee "Space_invaders.elf.elfcheck"
elfcheck
Xilinx EDK 14.6 Build EDK_P.68d
Copyright (c) 1995-2012 Xilinx, Inc.  All rights reserved.

Command Line: elfcheck -hw ../../Projekat_hw_platform/system.xml -pe
microblaze_0 Space_invaders.elf 

ELF file	: Space_invaders.elf
elfcheck passed.
Finished building: Space_invaders.elf.elfcheck
 
17:42:04 **** Auto Build of configuration Debug for project Space_invaders ****
make all 
Building file: ../src/SI_draw.c
Invoking: MicroBlaze gcc compiler
mb-gcc -Wall -O0 -g3 -c -fmessage-length=0 -I../../Space_invaders_bsp/microblaze_0/include -mlittle-endian -mxl-barrel-shift -mxl-pattern-compare -mcpu=v8.50.b -mno-xl-soft-mul -Wl,--no-relax -ffunction-sections -fdata-sections -MMD -MP -MF"src/SI_draw.d" -MT"src/SI_draw.d" -o "src/SI_draw.o" "../src/SI_draw.c"
Finished building: ../src/SI_draw.c
 
Building target: Space_invaders.elf
Invoking: MicroBlaze gcc linker
mb-gcc -Wl,-T -Wl,../src/lscript.ld -L../../Space_invaders_bsp/microblaze_0/lib -mlittle-endian -mxl-barrel-shift -mxl-pattern-compare -mcpu=v8.50.b -mno-xl-soft-mul -Wl,--no-relax -Wl,--gc-sections -o "Space_invaders.elf"  ./src/SI_draw.o ./src/SI_globals.o ./src/SI_interrupt.o ./src/SI_logic.o ./src/SI_main.o ./src/platform.o   -Wl,--start-group,-lxil,-lgcc,-lc,--end-group
Finished building target: Space_invaders.elf
 
Invoking: MicroBlaze Print Size
mb-size Space_invaders.elf  |tee "Space_invaders.elf.size"
   text	   data	    bss	    dec	    hex	filename
  12298	    316	   2330	  14944	   3a60	Space_invaders.elf
Finished building: Space_invaders.elf.size
 
Invoking: Xilinx ELF Check
elfcheck Space_invaders.elf -hw ../../Projekat_hw_platform/system.xml -pe microblaze_0  |tee "Space_invaders.elf.elfcheck"
elfcheck
Xilinx EDK 14.6 Build EDK_P.68d
Copyright (c) 1995-2012 Xilinx, Inc.  All rights reserved.

Command Line: elfcheck -hw ../../Projekat_hw_platform/system.xml -pe
microblaze_0 Space_invaders.elf 

ELF file	: Space_invaders.elf
elfcheck passed.
Finished building: Space_invaders.elf.elfcheck
 
17:45:43 **** Auto Build of configuration Debug for project Space_invaders ****
make all 
make: Ništa za napraviti za `all'.
17:46:27 **** Auto Build of configuration Debug for project Space_invaders ****
make all 
Building file: ../src/SI_logic.c
Invoking: MicroBlaze gcc compiler
mb-gcc -Wall -O0 -g3 -c -fmessage-length=0 -I../../Space_invaders_bsp/microblaze_0/include -mlittle-endian -mxl-barrel-shift -mxl-pattern-compare -mcpu=v8.50.b -mno-xl-soft-mul -Wl,--no-relax -ffunction-sections -fdata-sections -MMD -MP -MF"src/SI_logic.d" -MT"src/SI_logic.d" -o "src/SI_logic.o" "../src/SI_logic.c"
../src/SI_logic.c: In function 'move_projectile':
../src/SI_logic.c:36:59: error: 'x' undeclared (first use in this function)
../src/SI_logic.c:36:59: note: each undeclared identifier is reported only once for each function it appears in
../src/SI_logic.c:37:6: error: 'dir' undeclared (first use in this function)
make: *** [src/SI_logic.o] Greška 1
17:46:41 **** Auto Build of configuration Debug for project Space_invaders ****
make all 
Building file: ../src/SI_logic.c
Invoking: MicroBlaze gcc compiler
mb-gcc -Wall -O0 -g3 -c -fmessage-length=0 -I../../Space_invaders_bsp/microblaze_0/include -mlittle-endian -mxl-barrel-shift -mxl-pattern-compare -mcpu=v8.50.b -mno-xl-soft-mul -Wl,--no-relax -ffunction-sections -fdata-sections -MMD -MP -MF"src/SI_logic.d" -MT"src/SI_logic.d" -o "src/SI_logic.o" "../src/SI_logic.c"
Finished building: ../src/SI_logic.c
 
Building target: Space_invaders.elf
Invoking: MicroBlaze gcc linker
mb-gcc -Wl,-T -Wl,../src/lscript.ld -L../../Space_invaders_bsp/microblaze_0/lib -mlittle-endian -mxl-barrel-shift -mxl-pattern-compare -mcpu=v8.50.b -mno-xl-soft-mul -Wl,--no-relax -Wl,--gc-sections -o "Space_invaders.elf"  ./src/SI_draw.o ./src/SI_globals.o ./src/SI_interrupt.o ./src/SI_logic.o ./src/SI_main.o ./src/platform.o   -Wl,--start-group,-lxil,-lgcc,-lc,--end-group
Finished building target: Space_invaders.elf
 
Invoking: MicroBlaze Print Size
mb-size Space_invaders.elf  |tee "Space_invaders.elf.size"
   text	   data	    bss	    dec	    hex	filename
  12298	    316	   2330	  14944	   3a60	Space_invaders.elf
Finished building: Space_invaders.elf.size
 
Invoking: Xilinx ELF Check
elfcheck Space_invaders.elf -hw ../../Projekat_hw_platform/system.xml -pe microblaze_0  |tee "Space_invaders.elf.elfcheck"
elfcheck
Xilinx EDK 14.6 Build EDK_P.68d
Copyright (c) 1995-2012 Xilinx, Inc.  All rights reserved.

Command Line: elfcheck -hw ../../Projekat_hw_platform/system.xml -pe
microblaze_0 Space_invaders.elf 

ELF file	: Space_invaders.elf
elfcheck passed.
Finished building: Space_invaders.elf.elfcheck
 
17:48:40 **** Auto Build of configuration Debug for project Space_invaders ****
make all 
make: Ništa za napraviti za `all'.
17:48:42 **** Auto Build of configuration Debug for project Space_invaders ****
make all 
Building file: ../src/SI_main.c
Invoking: MicroBlaze gcc compiler
mb-gcc -Wall -O0 -g3 -c -fmessage-length=0 -I../../Space_invaders_bsp/microblaze_0/include -mlittle-endian -mxl-barrel-shift -mxl-pattern-compare -mcpu=v8.50.b -mno-xl-soft-mul -Wl,--no-relax -ffunction-sections -fdata-sections -MMD -MP -MF"src/SI_main.d" -MT"src/SI_main.d" -o "src/SI_main.o" "../src/SI_main.c"
../src/SI_main.c: In function 'main':
../src/SI_main.c:41:12: warning: variable 'projectiles_num' set but not used [-Wunused-but-set-variable]
../src/SI_main.c:40:12: warning: variable 'projectiles_map' set but not used [-Wunused-but-set-variable]
Finished building: ../src/SI_main.c
 
Building target: Space_invaders.elf
Invoking: MicroBlaze gcc linker
mb-gcc -Wl,-T -Wl,../src/lscript.ld -L../../Space_invaders_bsp/microblaze_0/lib -mlittle-endian -mxl-barrel-shift -mxl-pattern-compare -mcpu=v8.50.b -mno-xl-soft-mul -Wl,--no-relax -Wl,--gc-sections -o "Space_invaders.elf"  ./src/SI_draw.o ./src/SI_globals.o ./src/SI_interrupt.o ./src/SI_logic.o ./src/SI_main.o ./src/platform.o   -Wl,--start-group,-lxil,-lgcc,-lc,--end-group
Finished building target: Space_invaders.elf
 
Invoking: MicroBlaze Print Size
mb-size Space_invaders.elf  |tee "Space_invaders.elf.size"
   text	   data	    bss	    dec	    hex	filename
  12298	    316	   2330	  14944	   3a60	Space_invaders.elf
Finished building: Space_invaders.elf.size
 
Invoking: Xilinx ELF Check
elfcheck Space_invaders.elf -hw ../../Projekat_hw_platform/system.xml -pe microblaze_0  |tee "Space_invaders.elf.elfcheck"
elfcheck
Xilinx EDK 14.6 Build EDK_P.68d
Copyright (c) 1995-2012 Xilinx, Inc.  All rights reserved.

Command Line: elfcheck -hw ../../Projekat_hw_platform/system.xml -pe
microblaze_0 Space_invaders.elf 

ELF file	: Space_invaders.elf
elfcheck passed.
Finished building: Space_invaders.elf.elfcheck
 
17:48:45 **** Incremental Build of configuration Debug for project Space_invaders ****
make all 
make: Ništa za napraviti za `all'.
17:49:00 **** Auto Build of configuration Debug for project Space_invaders ****
make all 
Building file: ../src/SI_main.c
Invoking: MicroBlaze gcc compiler
mb-gcc -Wall -O0 -g3 -c -fmessage-length=0 -I../../Space_invaders_bsp/microblaze_0/include -mlittle-endian -mxl-barrel-shift -mxl-pattern-compare -mcpu=v8.50.b -mno-xl-soft-mul -Wl,--no-relax -ffunction-sections -fdata-sections -MMD -MP -MF"src/SI_main.d" -MT"src/SI_main.d" -o "src/SI_main.o" "../src/SI_main.c"
../src/SI_main.c: In function 'main':
../src/SI_main.c:41:12: warning: variable 'projectiles_num' set but not used [-Wunused-but-set-variable]
../src/SI_main.c:40:12: warning: variable 'projectiles_map' set but not used [-Wunused-but-set-variable]
Finished building: ../src/SI_main.c
 
Building target: Space_invaders.elf
Invoking: MicroBlaze gcc linker
mb-gcc -Wl,-T -Wl,../src/lscript.ld -L../../Space_invaders_bsp/microblaze_0/lib -mlittle-endian -mxl-barrel-shift -mxl-pattern-compare -mcpu=v8.50.b -mno-xl-soft-mul -Wl,--no-relax -Wl,--gc-sections -o "Space_invaders.elf"  ./src/SI_draw.o ./src/SI_globals.o ./src/SI_interrupt.o ./src/SI_logic.o ./src/SI_main.o ./src/platform.o   -Wl,--start-group,-lxil,-lgcc,-lc,--end-group
Finished building target: Space_invaders.elf
 
Invoking: MicroBlaze Print Size
mb-size Space_invaders.elf  |tee "Space_invaders.elf.size"
   text	   data	    bss	    dec	    hex	filename
  12298	    316	   2330	  14944	   3a60	Space_invaders.elf
Finished building: Space_invaders.elf.size
 
Invoking: Xilinx ELF Check
elfcheck Space_invaders.elf -hw ../../Projekat_hw_platform/system.xml -pe microblaze_0  |tee "Space_invaders.elf.elfcheck"
elfcheck
Xilinx EDK 14.6 Build EDK_P.68d
Copyright (c) 1995-2012 Xilinx, Inc.  All rights reserved.

Command Line: elfcheck -hw ../../Projekat_hw_platform/system.xml -pe
microblaze_0 Space_invaders.elf 

ELF file	: Space_invaders.elf
elfcheck passed.
Finished building: Space_invaders.elf.elfcheck
 
17:49:03 **** Incremental Build of configuration Debug for project Space_invaders ****
make all 
make: Ništa za napraviti za `all'.
17:49:26 **** Auto Build of configuration Debug for project Space_invaders ****
make all 
Building file: ../src/SI_logic.c
Invoking: MicroBlaze gcc compiler
mb-gcc -Wall -O0 -g3 -c -fmessage-length=0 -I../../Space_invaders_bsp/microblaze_0/include -mlittle-endian -mxl-barrel-shift -mxl-pattern-compare -mcpu=v8.50.b -mno-xl-soft-mul -Wl,--no-relax -ffunction-sections -fdata-sections -MMD -MP -MF"src/SI_logic.d" -MT"src/SI_logic.d" -o "src/SI_logic.o" "../src/SI_logic.c"
../src/SI_logic.c: In function 'move_projectile':
../src/SI_logic.c:37:34: error: expected ';' before ')' token
../src/SI_logic.c:36:9: warning: unused variable 'j' [-Wunused-variable]
make: *** [src/SI_logic.o] Greška 1
17:49:32 **** Auto Build of configuration Debug for project Space_invaders ****
make all 
Building file: ../src/SI_logic.c
Invoking: MicroBlaze gcc compiler
mb-gcc -Wall -O0 -g3 -c -fmessage-length=0 -I../../Space_invaders_bsp/microblaze_0/include -mlittle-endian -mxl-barrel-shift -mxl-pattern-compare -mcpu=v8.50.b -mno-xl-soft-mul -Wl,--no-relax -ffunction-sections -fdata-sections -MMD -MP -MF"src/SI_logic.d" -MT"src/SI_logic.d" -o "src/SI_logic.o" "../src/SI_logic.c"
../src/SI_logic.c: In function 'move_projectile':
../src/SI_logic.c:36:9: warning: unused variable 'j' [-Wunused-variable]
../src/SI_logic.c:36:6: warning: unused variable 'i' [-Wunused-variable]
Finished building: ../src/SI_logic.c
 
Building target: Space_invaders.elf
Invoking: MicroBlaze gcc linker
mb-gcc -Wl,-T -Wl,../src/lscript.ld -L../../Space_invaders_bsp/microblaze_0/lib -mlittle-endian -mxl-barrel-shift -mxl-pattern-compare -mcpu=v8.50.b -mno-xl-soft-mul -Wl,--no-relax -Wl,--gc-sections -o "Space_invaders.elf"  ./src/SI_draw.o ./src/SI_globals.o ./src/SI_interrupt.o ./src/SI_logic.o ./src/SI_main.o ./src/platform.o   -Wl,--start-group,-lxil,-lgcc,-lc,--end-group
Finished building target: Space_invaders.elf
 
Invoking: MicroBlaze Print Size
mb-size Space_invaders.elf  |tee "Space_invaders.elf.size"
   text	   data	    bss	    dec	    hex	filename
  12298	    316	   2330	  14944	   3a60	Space_invaders.elf
Finished building: Space_invaders.elf.size
 
Invoking: Xilinx ELF Check
elfcheck Space_invaders.elf -hw ../../Projekat_hw_platform/system.xml -pe microblaze_0  |tee "Space_invaders.elf.elfcheck"
elfcheck
Xilinx EDK 14.6 Build EDK_P.68d
Copyright (c) 1995-2012 Xilinx, Inc.  All rights reserved.

Command Line: elfcheck -hw ../../Projekat_hw_platform/system.xml -pe
microblaze_0 Space_invaders.elf 

ELF file	: Space_invaders.elf
elfcheck passed.
Finished building: Space_invaders.elf.elfcheck
 
17:49:35 **** Incremental Build of configuration Debug for project Space_invaders ****
make all 
make: Ništa za napraviti za `all'.
17:50:04 **** Auto Build of configuration Debug for project Space_invaders ****
make all 
Building file: ../src/SI_main.c
Invoking: MicroBlaze gcc compiler
mb-gcc -Wall -O0 -g3 -c -fmessage-length=0 -I../../Space_invaders_bsp/microblaze_0/include -mlittle-endian -mxl-barrel-shift -mxl-pattern-compare -mcpu=v8.50.b -mno-xl-soft-mul -Wl,--no-relax -ffunction-sections -fdata-sections -MMD -MP -MF"src/SI_main.d" -MT"src/SI_main.d" -o "src/SI_main.o" "../src/SI_main.c"
../src/SI_main.c: In function 'main':
../src/SI_main.c:35:17: warning: unused variable 'j' [-Wunused-variable]
Finished building: ../src/SI_main.c
 
Building target: Space_invaders.elf
Invoking: MicroBlaze gcc linker
mb-gcc -Wl,-T -Wl,../src/lscript.ld -L../../Space_invaders_bsp/microblaze_0/lib -mlittle-endian -mxl-barrel-shift -mxl-pattern-compare -mcpu=v8.50.b -mno-xl-soft-mul -Wl,--no-relax -Wl,--gc-sections -o "Space_invaders.elf"  ./src/SI_draw.o ./src/SI_globals.o ./src/SI_interrupt.o ./src/SI_logic.o ./src/SI_main.o ./src/platform.o   -Wl,--start-group,-lxil,-lgcc,-lc,--end-group
Finished building target: Space_invaders.elf
 
Invoking: MicroBlaze Print Size
mb-size Space_invaders.elf  |tee "Space_invaders.elf.size"
   text	   data	    bss	    dec	    hex	filename
  12178	    316	   2330	  14824	   39e8	Space_invaders.elf
Finished building: Space_invaders.elf.size
 
Invoking: Xilinx ELF Check
elfcheck Space_invaders.elf -hw ../../Projekat_hw_platform/system.xml -pe microblaze_0  |tee "Space_invaders.elf.elfcheck"
elfcheck
Xilinx EDK 14.6 Build EDK_P.68d
Copyright (c) 1995-2012 Xilinx, Inc.  All rights reserved.

Command Line: elfcheck -hw ../../Projekat_hw_platform/system.xml -pe
microblaze_0 Space_invaders.elf 

ELF file	: Space_invaders.elf
elfcheck passed.
Finished building: Space_invaders.elf.elfcheck
 
17:50:08 **** Incremental Build of configuration Debug for project Space_invaders ****
make all 
make: Ništa za napraviti za `all'.
17:50:25 **** Auto Build of configuration Debug for project Space_invaders ****
make all 
Building file: ../src/SI_main.c
Invoking: MicroBlaze gcc compiler
mb-gcc -Wall -O0 -g3 -c -fmessage-length=0 -I../../Space_invaders_bsp/microblaze_0/include -mlittle-endian -mxl-barrel-shift -mxl-pattern-compare -mcpu=v8.50.b -mno-xl-soft-mul -Wl,--no-relax -ffunction-sections -fdata-sections -MMD -MP -MF"src/SI_main.d" -MT"src/SI_main.d" -o "src/SI_main.o" "../src/SI_main.c"
../src/SI_main.c: In function 'main':
../src/SI_main.c:41:12: warning: unused variable 'projectiles_num' [-Wunused-variable]
../src/SI_main.c:40:12: warning: unused variable 'projectiles_map' [-Wunused-variable]
../src/SI_main.c:35:17: warning: unused variable 'j' [-Wunused-variable]
Finished building: ../src/SI_main.c
 
Building target: Space_invaders.elf
Invoking: MicroBlaze gcc linker
mb-gcc -Wl,-T -Wl,../src/lscript.ld -L../../Space_invaders_bsp/microblaze_0/lib -mlittle-endian -mxl-barrel-shift -mxl-pattern-compare -mcpu=v8.50.b -mno-xl-soft-mul -Wl,--no-relax -Wl,--gc-sections -o "Space_invaders.elf"  ./src/SI_draw.o ./src/SI_globals.o ./src/SI_interrupt.o ./src/SI_logic.o ./src/SI_main.o ./src/platform.o   -Wl,--start-group,-lxil,-lgcc,-lc,--end-group
Finished building target: Space_invaders.elf
 
Invoking: MicroBlaze Print Size
mb-size Space_invaders.elf  |tee "Space_invaders.elf.size"
   text	   data	    bss	    dec	    hex	filename
  12178	    316	   2330	  14824	   39e8	Space_invaders.elf
Finished building: Space_invaders.elf.size
 
Invoking: Xilinx ELF Check
elfcheck Space_invaders.elf -hw ../../Projekat_hw_platform/system.xml -pe microblaze_0  |tee "Space_invaders.elf.elfcheck"
elfcheck
Xilinx EDK 14.6 Build EDK_P.68d
Copyright (c) 1995-2012 Xilinx, Inc.  All rights reserved.

Command Line: elfcheck -hw ../../Projekat_hw_platform/system.xml -pe
microblaze_0 Space_invaders.elf 

ELF file	: Space_invaders.elf
elfcheck passed.
Finished building: Space_invaders.elf.elfcheck
 
17:50:28 **** Incremental Build of configuration Debug for project Space_invaders ****
make all 
make: Ništa za napraviti za `all'.
17:50:39 **** Auto Build of configuration Debug for project Space_invaders ****
make all 
Building file: ../src/SI_main.c
Invoking: MicroBlaze gcc compiler
mb-gcc -Wall -O0 -g3 -c -fmessage-length=0 -I../../Space_invaders_bsp/microblaze_0/include -mlittle-endian -mxl-barrel-shift -mxl-pattern-compare -mcpu=v8.50.b -mno-xl-soft-mul -Wl,--no-relax -ffunction-sections -fdata-sections -MMD -MP -MF"src/SI_main.d" -MT"src/SI_main.d" -o "src/SI_main.o" "../src/SI_main.c"
../src/SI_main.c: In function 'main':
../src/SI_main.c:41:12: warning: variable 'projectiles_num' set but not used [-Wunused-but-set-variable]
../src/SI_main.c:40:12: warning: variable 'projectiles_map' set but not used [-Wunused-but-set-variable]
Finished building: ../src/SI_main.c
 
Building target: Space_invaders.elf
Invoking: MicroBlaze gcc linker
mb-gcc -Wl,-T -Wl,../src/lscript.ld -L../../Space_invaders_bsp/microblaze_0/lib -mlittle-endian -mxl-barrel-shift -mxl-pattern-compare -mcpu=v8.50.b -mno-xl-soft-mul -Wl,--no-relax -Wl,--gc-sections -o "Space_invaders.elf"  ./src/SI_draw.o ./src/SI_globals.o ./src/SI_interrupt.o ./src/SI_logic.o ./src/SI_main.o ./src/platform.o   -Wl,--start-group,-lxil,-lgcc,-lc,--end-group
Finished building target: Space_invaders.elf
 
Invoking: MicroBlaze Print Size
mb-size Space_invaders.elf  |tee "Space_invaders.elf.size"
   text	   data	    bss	    dec	    hex	filename
  12298	    316	   2330	  14944	   3a60	Space_invaders.elf
Finished building: Space_invaders.elf.size
 
Invoking: Xilinx ELF Check
elfcheck Space_invaders.elf -hw ../../Projekat_hw_platform/system.xml -pe microblaze_0  |tee "Space_invaders.elf.elfcheck"
elfcheck
Xilinx EDK 14.6 Build EDK_P.68d
Copyright (c) 1995-2012 Xilinx, Inc.  All rights reserved.

Command Line: elfcheck -hw ../../Projekat_hw_platform/system.xml -pe
microblaze_0 Space_invaders.elf 

ELF file	: Space_invaders.elf
elfcheck passed.
Finished building: Space_invaders.elf.elfcheck
 
17:50:42 **** Incremental Build of configuration Debug for project Space_invaders ****
make all 
make: Ništa za napraviti za `all'.
17:51:56 **** Auto Build of configuration Debug for project Space_invaders ****
make all 
Building file: ../src/SI_main.c
Invoking: MicroBlaze gcc compiler
mb-gcc -Wall -O0 -g3 -c -fmessage-length=0 -I../../Space_invaders_bsp/microblaze_0/include -mlittle-endian -mxl-barrel-shift -mxl-pattern-compare -mcpu=v8.50.b -mno-xl-soft-mul -Wl,--no-relax -ffunction-sections -fdata-sections -MMD -MP -MF"src/SI_main.d" -MT"src/SI_main.d" -o "src/SI_main.o" "../src/SI_main.c"
../src/SI_main.c: In function 'main':
../src/SI_main.c:41:12: warning: variable 'projectiles_num' set but not used [-Wunused-but-set-variable]
../src/SI_main.c:40:12: warning: variable 'projectiles_map' set but not used [-Wunused-but-set-variable]
Finished building: ../src/SI_main.c
 
Building target: Space_invaders.elf
Invoking: MicroBlaze gcc linker
mb-gcc -Wl,-T -Wl,../src/lscript.ld -L../../Space_invaders_bsp/microblaze_0/lib -mlittle-endian -mxl-barrel-shift -mxl-pattern-compare -mcpu=v8.50.b -mno-xl-soft-mul -Wl,--no-relax -Wl,--gc-sections -o "Space_invaders.elf"  ./src/SI_draw.o ./src/SI_globals.o ./src/SI_interrupt.o ./src/SI_logic.o ./src/SI_main.o ./src/platform.o   -Wl,--start-group,-lxil,-lgcc,-lc,--end-group
Finished building target: Space_invaders.elf
 
Invoking: MicroBlaze Print Size
mb-size Space_invaders.elf  |tee "Space_invaders.elf.size"
   text	   data	    bss	    dec	    hex	filename
  12298	    316	   2330	  14944	   3a60	Space_invaders.elf
Finished building: Space_invaders.elf.size
 
Invoking: Xilinx ELF Check
elfcheck Space_invaders.elf -hw ../../Projekat_hw_platform/system.xml -pe microblaze_0  |tee "Space_invaders.elf.elfcheck"
elfcheck
Xilinx EDK 14.6 Build EDK_P.68d
Copyright (c) 1995-2012 Xilinx, Inc.  All rights reserved.

Command Line: elfcheck -hw ../../Projekat_hw_platform/system.xml -pe
microblaze_0 Space_invaders.elf 

ELF file	: Space_invaders.elf
elfcheck passed.
Finished building: Space_invaders.elf.elfcheck
 
17:52:13 **** Auto Build of configuration Debug for project Space_invaders ****
make all 
Building file: ../src/SI_main.c
Invoking: MicroBlaze gcc compiler
mb-gcc -Wall -O0 -g3 -c -fmessage-length=0 -I../../Space_invaders_bsp/microblaze_0/include -mlittle-endian -mxl-barrel-shift -mxl-pattern-compare -mcpu=v8.50.b -mno-xl-soft-mul -Wl,--no-relax -ffunction-sections -fdata-sections -MMD -MP -MF"src/SI_main.d" -MT"src/SI_main.d" -o "src/SI_main.o" "../src/SI_main.c"
../src/SI_main.c: In function 'main':
../src/SI_main.c:41:12: warning: variable 'projectiles_num' set but not used [-Wunused-but-set-variable]
../src/SI_main.c:40:12: warning: variable 'projectiles_map' set but not used [-Wunused-but-set-variable]
Finished building: ../src/SI_main.c
 
Building target: Space_invaders.elf
Invoking: MicroBlaze gcc linker
mb-gcc -Wl,-T -Wl,../src/lscript.ld -L../../Space_invaders_bsp/microblaze_0/lib -mlittle-endian -mxl-barrel-shift -mxl-pattern-compare -mcpu=v8.50.b -mno-xl-soft-mul -Wl,--no-relax -Wl,--gc-sections -o "Space_invaders.elf"  ./src/SI_draw.o ./src/SI_globals.o ./src/SI_interrupt.o ./src/SI_logic.o ./src/SI_main.o ./src/platform.o   -Wl,--start-group,-lxil,-lgcc,-lc,--end-group
Finished building target: Space_invaders.elf
 
Invoking: MicroBlaze Print Size
mb-size Space_invaders.elf  |tee "Space_invaders.elf.size"
   text	   data	    bss	    dec	    hex	filename
  12298	    316	   2330	  14944	   3a60	Space_invaders.elf
Finished building: Space_invaders.elf.size
 
Invoking: Xilinx ELF Check
elfcheck Space_invaders.elf -hw ../../Projekat_hw_platform/system.xml -pe microblaze_0  |tee "Space_invaders.elf.elfcheck"
elfcheck
Xilinx EDK 14.6 Build EDK_P.68d
Copyright (c) 1995-2012 Xilinx, Inc.  All rights reserved.

Command Line: elfcheck -hw ../../Projekat_hw_platform/system.xml -pe
microblaze_0 Space_invaders.elf 

ELF file	: Space_invaders.elf
elfcheck passed.
Finished building: Space_invaders.elf.elfcheck
 
17:52:17 **** Auto Build of configuration Debug for project Space_invaders ****
make all 
Building file: ../src/SI_main.c
Invoking: MicroBlaze gcc compiler
mb-gcc -Wall -O0 -g3 -c -fmessage-length=0 -I../../Space_invaders_bsp/microblaze_0/include -mlittle-endian -mxl-barrel-shift -mxl-pattern-compare -mcpu=v8.50.b -mno-xl-soft-mul -Wl,--no-relax -ffunction-sections -fdata-sections -MMD -MP -MF"src/SI_main.d" -MT"src/SI_main.d" -o "src/SI_main.o" "../src/SI_main.c"
../src/SI_main.c: In function 'main':
../src/SI_main.c:41:12: warning: variable 'projectiles_num' set but not used [-Wunused-but-set-variable]
../src/SI_main.c:40:12: warning: variable 'projectiles_map' set but not used [-Wunused-but-set-variable]
Finished building: ../src/SI_main.c
 
Building target: Space_invaders.elf
Invoking: MicroBlaze gcc linker
mb-gcc -Wl,-T -Wl,../src/lscript.ld -L../../Space_invaders_bsp/microblaze_0/lib -mlittle-endian -mxl-barrel-shift -mxl-pattern-compare -mcpu=v8.50.b -mno-xl-soft-mul -Wl,--no-relax -Wl,--gc-sections -o "Space_invaders.elf"  ./src/SI_draw.o ./src/SI_globals.o ./src/SI_interrupt.o ./src/SI_logic.o ./src/SI_main.o ./src/platform.o   -Wl,--start-group,-lxil,-lgcc,-lc,--end-group
Finished building target: Space_invaders.elf
 
Invoking: MicroBlaze Print Size
mb-size Space_invaders.elf  |tee "Space_invaders.elf.size"
   text	   data	    bss	    dec	    hex	filename
  12298	    316	   2330	  14944	   3a60	Space_invaders.elf
Finished building: Space_invaders.elf.size
 
Invoking: Xilinx ELF Check
elfcheck Space_invaders.elf -hw ../../Projekat_hw_platform/system.xml -pe microblaze_0  |tee "Space_invaders.elf.elfcheck"
elfcheck
Xilinx EDK 14.6 Build EDK_P.68d
Copyright (c) 1995-2012 Xilinx, Inc.  All rights reserved.

Command Line: elfcheck -hw ../../Projekat_hw_platform/system.xml -pe
microblaze_0 Space_invaders.elf 

ELF file	: Space_invaders.elf
elfcheck passed.
Finished building: Space_invaders.elf.elfcheck
 
17:52:20 **** Incremental Build of configuration Debug for project Space_invaders ****
make all 
make: Ništa za napraviti za `all'.
17:53:48 **** Auto Build of configuration Debug for project Space_invaders ****
make all 
Building file: ../src/SI_main.c
Invoking: MicroBlaze gcc compiler
mb-gcc -Wall -O0 -g3 -c -fmessage-length=0 -I../../Space_invaders_bsp/microblaze_0/include -mlittle-endian -mxl-barrel-shift -mxl-pattern-compare -mcpu=v8.50.b -mno-xl-soft-mul -Wl,--no-relax -ffunction-sections -fdata-sections -MMD -MP -MF"src/SI_main.d" -MT"src/SI_main.d" -o "src/SI_main.o" "../src/SI_main.c"
../src/SI_main.c: In function 'main':
../src/SI_main.c:41:12: warning: variable 'projectiles_num' set but not used [-Wunused-but-set-variable]
../src/SI_main.c:40:12: warning: variable 'projectiles_map' set but not used [-Wunused-but-set-variable]
Finished building: ../src/SI_main.c
 
Building target: Space_invaders.elf
Invoking: MicroBlaze gcc linker
mb-gcc -Wl,-T -Wl,../src/lscript.ld -L../../Space_invaders_bsp/microblaze_0/lib -mlittle-endian -mxl-barrel-shift -mxl-pattern-compare -mcpu=v8.50.b -mno-xl-soft-mul -Wl,--no-relax -Wl,--gc-sections -o "Space_invaders.elf"  ./src/SI_draw.o ./src/SI_globals.o ./src/SI_interrupt.o ./src/SI_logic.o ./src/SI_main.o ./src/platform.o   -Wl,--start-group,-lxil,-lgcc,-lc,--end-group
Finished building target: Space_invaders.elf
 
Invoking: MicroBlaze Print Size
mb-size Space_invaders.elf  |tee "Space_invaders.elf.size"
   text	   data	    bss	    dec	    hex	filename
  12298	    316	   2330	  14944	   3a60	Space_invaders.elf
Finished building: Space_invaders.elf.size
 
Invoking: Xilinx ELF Check
elfcheck Space_invaders.elf -hw ../../Projekat_hw_platform/system.xml -pe microblaze_0  |tee "Space_invaders.elf.elfcheck"
elfcheck
Xilinx EDK 14.6 Build EDK_P.68d
Copyright (c) 1995-2012 Xilinx, Inc.  All rights reserved.

Command Line: elfcheck -hw ../../Projekat_hw_platform/system.xml -pe
microblaze_0 Space_invaders.elf 

ELF file	: Space_invaders.elf
elfcheck passed.
Finished building: Space_invaders.elf.elfcheck
 
16:10:00 **** Auto Build of configuration Debug for project Space_invaders ****
make all 
Building file: ../src/SI_main.c
Invoking: MicroBlaze gcc compiler
mb-gcc -Wall -O0 -g3 -c -fmessage-length=0 -I../../Space_invaders_bsp/microblaze_0/include -mlittle-endian -mxl-barrel-shift -mxl-pattern-compare -mcpu=v8.50.b -mno-xl-soft-mul -Wl,--no-relax -ffunction-sections -fdata-sections -MMD -MP -MF"src/SI_main.d" -MT"src/SI_main.d" -o "src/SI_main.o" "../src/SI_main.c"
../src/SI_main.c: In function 'main':
../src/SI_main.c:41:12: warning: variable 'projectiles_num' set but not used [-Wunused-but-set-variable]
../src/SI_main.c:40:12: warning: variable 'projectiles_map' set but not used [-Wunused-but-set-variable]
Finished building: ../src/SI_main.c
 
Building target: Space_invaders.elf
Invoking: MicroBlaze gcc linker
mb-gcc -Wl,-T -Wl,../src/lscript.ld -L../../Space_invaders_bsp/microblaze_0/lib -mlittle-endian -mxl-barrel-shift -mxl-pattern-compare -mcpu=v8.50.b -mno-xl-soft-mul -Wl,--no-relax -Wl,--gc-sections -o "Space_invaders.elf"  ./src/SI_draw.o ./src/SI_globals.o ./src/SI_interrupt.o ./src/SI_logic.o ./src/SI_main.o ./src/platform.o   -Wl,--start-group,-lxil,-lgcc,-lc,--end-group
Finished building target: Space_invaders.elf
 
Invoking: MicroBlaze Print Size
mb-size Space_invaders.elf  |tee "Space_invaders.elf.size"
   text	   data	    bss	    dec	    hex	filename
  12298	    316	   2330	  14944	   3a60	Space_invaders.elf
Finished building: Space_invaders.elf.size
 
Invoking: Xilinx ELF Check
elfcheck Space_invaders.elf -hw ../../Projekat_hw_platform/system.xml -pe microblaze_0  |tee "Space_invaders.elf.elfcheck"
elfcheck
Xilinx EDK 14.6 Build EDK_P.68d
Copyright (c) 1995-2012 Xilinx, Inc.  All rights reserved.

Command Line: elfcheck -hw ../../Projekat_hw_platform/system.xml -pe
microblaze_0 Space_invaders.elf 

ELF file	: Space_invaders.elf
elfcheck passed.
Finished building: Space_invaders.elf.elfcheck
 
16:10:26 **** Auto Build of project Space_invaders_bsp ****
make -k all 
Finished building libraries
16:10:33 **** Incremental Build of configuration Debug for project Space_invaders ****
make all 
make: Ništa za napraviti za `all'.
16:19:03 **** Auto Build of configuration Debug for project Space_invaders ****
make all 
Building file: ../src/SI_main.c
Invoking: MicroBlaze gcc compiler
mb-gcc -Wall -O0 -g3 -c -fmessage-length=0 -I../../Space_invaders_bsp/microblaze_0/include -mlittle-endian -mxl-barrel-shift -mxl-pattern-compare -mcpu=v8.50.b -mno-xl-soft-mul -Wl,--no-relax -ffunction-sections -fdata-sections -MMD -MP -MF"src/SI_main.d" -MT"src/SI_main.d" -o "src/SI_main.o" "../src/SI_main.c"
../src/SI_main.c: In function 'main':
../src/SI_main.c:82:15: error: 'LEFT_JOY' undeclared (first use in this function)
../src/SI_main.c:82:15: note: each undeclared identifier is reported only once for each function it appears in
../src/SI_main.c:87:16: error: 'MIDDLE_JOY' undeclared (first use in this function)
../src/SI_main.c:89:4: warning: implicit declaration of function 'shoot_projectile' [-Wimplicit-function-declaration]
../src/SI_main.c:89:21: error: 'projectiles' undeclared (first use in this function)
../src/SI_main.c:92:15: error: 'RIGTH_JOY' undeclared (first use in this function)
../src/SI_main.c:41:12: warning: variable 'projectiles_num' set but not used [-Wunused-but-set-variable]
../src/SI_main.c:40:12: warning: variable 'projectiles_map' set but not used [-Wunused-but-set-variable]
make: *** [src/SI_main.o] Greška 1
16:19:07 **** Auto Build of configuration Debug for project Space_invaders ****
make all 
Building file: ../src/SI_main.c
Invoking: MicroBlaze gcc compiler
mb-gcc -Wall -O0 -g3 -c -fmessage-length=0 -I../../Space_invaders_bsp/microblaze_0/include -mlittle-endian -mxl-barrel-shift -mxl-pattern-compare -mcpu=v8.50.b -mno-xl-soft-mul -Wl,--no-relax -ffunction-sections -fdata-sections -MMD -MP -MF"src/SI_main.d" -MT"src/SI_main.d" -o "src/SI_main.o" "../src/SI_main.c"
../src/SI_main.c: In function 'main':
../src/SI_main.c:82:15: error: 'LEFT_JOY' undeclared (first use in this function)
../src/SI_main.c:82:15: note: each undeclared identifier is reported only once for each function it appears in
../src/SI_main.c:87:16: error: 'MIDDLE_JOY' undeclared (first use in this function)
../src/SI_main.c:89:4: warning: implicit declaration of function 'shoot_projectile' [-Wimplicit-function-declaration]
../src/SI_main.c:89:21: error: 'projectiles' undeclared (first use in this function)
../src/SI_main.c:92:15: error: 'RIGTH_JOY' undeclared (first use in this function)
../src/SI_main.c:41:12: warning: variable 'projectiles_num' set but not used [-Wunused-but-set-variable]
../src/SI_main.c:40:12: warning: variable 'projectiles_map' set but not used [-Wunused-but-set-variable]
make: *** [src/SI_main.o] Greška 1
16:20:12 **** Auto Build of configuration Debug for project Space_invaders ****
make all 
Building file: ../src/SI_main.c
Invoking: MicroBlaze gcc compiler
mb-gcc -Wall -O0 -g3 -c -fmessage-length=0 -I../../Space_invaders_bsp/microblaze_0/include -mlittle-endian -mxl-barrel-shift -mxl-pattern-compare -mcpu=v8.50.b -mno-xl-soft-mul -Wl,--no-relax -ffunction-sections -fdata-sections -MMD -MP -MF"src/SI_main.d" -MT"src/SI_main.d" -o "src/SI_main.o" "../src/SI_main.c"
../src/SI_main.c: In function 'main':
../src/SI_main.c:89:4: warning: implicit declaration of function 'shoot_projectile' [-Wimplicit-function-declaration]
../src/SI_main.c:89:21: error: 'projectiles' undeclared (first use in this function)
../src/SI_main.c:89:21: note: each undeclared identifier is reported only once for each function it appears in
../src/SI_main.c:92:15: error: 'RIGTH_JOY' undeclared (first use in this function)
../src/SI_main.c:41:12: warning: variable 'projectiles_num' set but not used [-Wunused-but-set-variable]
../src/SI_main.c:40:12: warning: variable 'projectiles_map' set but not used [-Wunused-but-set-variable]
make: *** [src/SI_main.o] Greška 1
16:20:18 **** Auto Build of configuration Debug for project Space_invaders ****
make all 
Building file: ../src/SI_main.c
Invoking: MicroBlaze gcc compiler
mb-gcc -Wall -O0 -g3 -c -fmessage-length=0 -I../../Space_invaders_bsp/microblaze_0/include -mlittle-endian -mxl-barrel-shift -mxl-pattern-compare -mcpu=v8.50.b -mno-xl-soft-mul -Wl,--no-relax -ffunction-sections -fdata-sections -MMD -MP -MF"src/SI_main.d" -MT"src/SI_main.d" -o "src/SI_main.o" "../src/SI_main.c"
../src/SI_main.c: In function 'main':
../src/SI_main.c:89:4: warning: implicit declaration of function 'shoot_projectile' [-Wimplicit-function-declaration]
../src/SI_main.c:89:21: error: 'projectiles' undeclared (first use in this function)
../src/SI_main.c:89:21: note: each undeclared identifier is reported only once for each function it appears in
../src/SI_main.c:41:12: warning: variable 'projectiles_num' set but not used [-Wunused-but-set-variable]
../src/SI_main.c:40:12: warning: variable 'projectiles_map' set but not used [-Wunused-but-set-variable]
make: *** [src/SI_main.o] Greška 1
16:20:24 **** Auto Build of configuration Debug for project Space_invaders ****
make all 
Building file: ../src/SI_logic.c
Invoking: MicroBlaze gcc compiler
mb-gcc -Wall -O0 -g3 -c -fmessage-length=0 -I../../Space_invaders_bsp/microblaze_0/include -mlittle-endian -mxl-barrel-shift -mxl-pattern-compare -mcpu=v8.50.b -mno-xl-soft-mul -Wl,--no-relax -ffunction-sections -fdata-sections -MMD -MP -MF"src/SI_logic.d" -MT"src/SI_logic.d" -o "src/SI_logic.o" "../src/SI_logic.c"
../src/SI_logic.c: In function 'move_projectile':
../src/SI_logic.c:36:9: warning: unused variable 'j' [-Wunused-variable]
../src/SI_logic.c:36:6: warning: unused variable 'i' [-Wunused-variable]
../src/SI_logic.c: In function 'shoot_projectile':
../src/SI_logic.c:51:22: error: 'MAX_Y' undeclared (first use in this function)
../src/SI_logic.c:51:22: note: each undeclared identifier is reported only once for each function it appears in
make: *** [src/SI_logic.o] Greška 1
16:20:30 **** Auto Build of configuration Debug for project Space_invaders ****
make all 
Building file: ../src/SI_logic.c
Invoking: MicroBlaze gcc compiler
mb-gcc -Wall -O0 -g3 -c -fmessage-length=0 -I../../Space_invaders_bsp/microblaze_0/include -mlittle-endian -mxl-barrel-shift -mxl-pattern-compare -mcpu=v8.50.b -mno-xl-soft-mul -Wl,--no-relax -ffunction-sections -fdata-sections -MMD -MP -MF"src/SI_logic.d" -MT"src/SI_logic.d" -o "src/SI_logic.o" "../src/SI_logic.c"
../src/SI_logic.c: In function 'move_projectile':
../src/SI_logic.c:36:9: warning: unused variable 'j' [-Wunused-variable]
../src/SI_logic.c:36:6: warning: unused variable 'i' [-Wunused-variable]
../src/SI_logic.c: In function 'shoot_projectile':
../src/SI_logic.c:52:67: error: 'MAX_Y' undeclared (first use in this function)
../src/SI_logic.c:52:67: note: each undeclared identifier is reported only once for each function it appears in
make: *** [src/SI_logic.o] Greška 1
16:20:53 **** Auto Build of configuration Debug for project Space_invaders ****
make all 
Building file: ../src/SI_logic.c
Invoking: MicroBlaze gcc compiler
mb-gcc -Wall -O0 -g3 -c -fmessage-length=0 -I../../Space_invaders_bsp/microblaze_0/include -mlittle-endian -mxl-barrel-shift -mxl-pattern-compare -mcpu=v8.50.b -mno-xl-soft-mul -Wl,--no-relax -ffunction-sections -fdata-sections -MMD -MP -MF"src/SI_logic.d" -MT"src/SI_logic.d" -o "src/SI_logic.o" "../src/SI_logic.c"
../src/SI_logic.c: In function 'move_projectile':
../src/SI_logic.c:36:9: warning: unused variable 'j' [-Wunused-variable]
../src/SI_logic.c:36:6: warning: unused variable 'i' [-Wunused-variable]
../src/SI_logic.c: In function 'shoot_projectile':
../src/SI_logic.c:52:67: error: 'MAX_Y' undeclared (first use in this function)
../src/SI_logic.c:52:67: note: each undeclared identifier is reported only once for each function it appears in
make: *** [src/SI_logic.o] Greška 1
16:21:07 **** Auto Build of configuration Debug for project Space_invaders ****
make all 
Building file: ../src/SI_logic.c
Invoking: MicroBlaze gcc compiler
mb-gcc -Wall -O0 -g3 -c -fmessage-length=0 -I../../Space_invaders_bsp/microblaze_0/include -mlittle-endian -mxl-barrel-shift -mxl-pattern-compare -mcpu=v8.50.b -mno-xl-soft-mul -Wl,--no-relax -ffunction-sections -fdata-sections -MMD -MP -MF"src/SI_logic.d" -MT"src/SI_logic.d" -o "src/SI_logic.o" "../src/SI_logic.c"
../src/SI_logic.c: In function 'move_projectile':
../src/SI_logic.c:36:9: warning: unused variable 'j' [-Wunused-variable]
../src/SI_logic.c:36:6: warning: unused variable 'i' [-Wunused-variable]
../src/SI_logic.c: In function 'shoot_projectile':
../src/SI_logic.c:52:67: error: 'MAX_Y' undeclared (first use in this function)
../src/SI_logic.c:52:67: note: each undeclared identifier is reported only once for each function it appears in
make: *** [src/SI_logic.o] Greška 1
16:21:47 **** Auto Build of configuration Debug for project Space_invaders ****
make all 
Building file: ../src/SI_logic.c
Invoking: MicroBlaze gcc compiler
mb-gcc -Wall -O0 -g3 -c -fmessage-length=0 -I../../Space_invaders_bsp/microblaze_0/include -mlittle-endian -mxl-barrel-shift -mxl-pattern-compare -mcpu=v8.50.b -mno-xl-soft-mul -Wl,--no-relax -ffunction-sections -fdata-sections -MMD -MP -MF"src/SI_logic.d" -MT"src/SI_logic.d" -o "src/SI_logic.o" "../src/SI_logic.c"
../src/SI_logic.c: In function 'move_projectile':
../src/SI_logic.c:36:9: warning: unused variable 'j' [-Wunused-variable]
../src/SI_logic.c:36:6: warning: unused variable 'i' [-Wunused-variable]
../src/SI_logic.c: In function 'shoot_projectile':
../src/SI_logic.c:49:8: error: 'projectiles' undeclared (first use in this function)
../src/SI_logic.c:49:8: note: each undeclared identifier is reported only once for each function it appears in
../src/SI_logic.c:52:67: error: 'MAX_Y' undeclared (first use in this function)
make: *** [src/SI_logic.o] Greška 1
16:28:30 **** Auto Build of configuration Debug for project Space_invaders ****
make all 
Building file: ../src/SI_logic.c
Invoking: MicroBlaze gcc compiler
mb-gcc -Wall -O0 -g3 -c -fmessage-length=0 -I../../Space_invaders_bsp/microblaze_0/include -mlittle-endian -mxl-barrel-shift -mxl-pattern-compare -mcpu=v8.50.b -mno-xl-soft-mul -Wl,--no-relax -ffunction-sections -fdata-sections -MMD -MP -MF"src/SI_logic.d" -MT"src/SI_logic.d" -o "src/SI_logic.o" "../src/SI_logic.c"
../src/SI_logic.c: In function 'move_projectile':
../src/SI_logic.c:36:9: warning: unused variable 'j' [-Wunused-variable]
../src/SI_logic.c:36:6: warning: unused variable 'i' [-Wunused-variable]
../src/SI_logic.c: In function 'shoot_projectile':
../src/SI_logic.c:49:8: error: 'projectiles' undeclared (first use in this function)
../src/SI_logic.c:49:8: note: each undeclared identifier is reported only once for each function it appears in
../src/SI_logic.c:52:67: error: 'MAX_Y' undeclared (first use in this function)
make: *** [src/SI_logic.o] Greška 1
16:28:46 **** Auto Build of configuration Debug for project Space_invaders ****
make all 
Building file: ../src/SI_logic.c
Invoking: MicroBlaze gcc compiler
mb-gcc -Wall -O0 -g3 -c -fmessage-length=0 -I../../Space_invaders_bsp/microblaze_0/include -mlittle-endian -mxl-barrel-shift -mxl-pattern-compare -mcpu=v8.50.b -mno-xl-soft-mul -Wl,--no-relax -ffunction-sections -fdata-sections -MMD -MP -MF"src/SI_logic.d" -MT"src/SI_logic.d" -o "src/SI_logic.o" "../src/SI_logic.c"
../src/SI_logic.c: In function 'move_projectile':
../src/SI_logic.c:36:9: warning: unused variable 'j' [-Wunused-variable]
../src/SI_logic.c:36:6: warning: unused variable 'i' [-Wunused-variable]
../src/SI_logic.c: In function 'shoot_projectile':
../src/SI_logic.c:49:8: error: 'projectiles' undeclared (first use in this function)
../src/SI_logic.c:49:8: note: each undeclared identifier is reported only once for each function it appears in
../src/SI_logic.c:52:67: error: 'MAX_Y' undeclared (first use in this function)
make: *** [src/SI_logic.o] Greška 1
16:29:07 **** Auto Build of configuration Debug for project Space_invaders ****
make all 
Building file: ../src/SI_logic.c
Invoking: MicroBlaze gcc compiler
mb-gcc -Wall -O0 -g3 -c -fmessage-length=0 -I../../Space_invaders_bsp/microblaze_0/include -mlittle-endian -mxl-barrel-shift -mxl-pattern-compare -mcpu=v8.50.b -mno-xl-soft-mul -Wl,--no-relax -ffunction-sections -fdata-sections -MMD -MP -MF"src/SI_logic.d" -MT"src/SI_logic.d" -o "src/SI_logic.o" "../src/SI_logic.c"
../src/SI_logic.c: In function 'move_projectile':
../src/SI_logic.c:36:9: warning: unused variable 'j' [-Wunused-variable]
../src/SI_logic.c:36:6: warning: unused variable 'i' [-Wunused-variable]
../src/SI_logic.c: In function 'shoot_projectile':
../src/SI_logic.c:49:8: error: 'projectiles' undeclared (first use in this function)
../src/SI_logic.c:49:8: note: each undeclared identifier is reported only once for each function it appears in
../src/SI_logic.c:52:67: error: 'MAX_Y' undeclared (first use in this function)
make: *** [src/SI_logic.o] Greška 1
16:29:39 **** Auto Build of configuration Debug for project Space_invaders ****
make all 
Building file: ../src/SI_logic.c
Invoking: MicroBlaze gcc compiler
mb-gcc -Wall -O0 -g3 -c -fmessage-length=0 -I../../Space_invaders_bsp/microblaze_0/include -mlittle-endian -mxl-barrel-shift -mxl-pattern-compare -mcpu=v8.50.b -mno-xl-soft-mul -Wl,--no-relax -ffunction-sections -fdata-sections -MMD -MP -MF"src/SI_logic.d" -MT"src/SI_logic.d" -o "src/SI_logic.o" "../src/SI_logic.c"
../src/SI_logic.c: In function 'move_projectile':
../src/SI_logic.c:36:9: warning: unused variable 'j' [-Wunused-variable]
../src/SI_logic.c:36:6: warning: unused variable 'i' [-Wunused-variable]
../src/SI_logic.c: In function 'shoot_projectile':
../src/SI_logic.c:50:8: error: 'projectiles' undeclared (first use in this function)
../src/SI_logic.c:50:8: note: each undeclared identifier is reported only once for each function it appears in
../src/SI_logic.c:53:67: error: 'MAX_Y' undeclared (first use in this function)
make: *** [src/SI_logic.o] Greška 1
16:31:11 **** Auto Build of configuration Debug for project Space_invaders ****
make all 
Building file: ../src/SI_logic.c
Invoking: MicroBlaze gcc compiler
mb-gcc -Wall -O0 -g3 -c -fmessage-length=0 -I../../Space_invaders_bsp/microblaze_0/include -mlittle-endian -mxl-barrel-shift -mxl-pattern-compare -mcpu=v8.50.b -mno-xl-soft-mul -Wl,--no-relax -ffunction-sections -fdata-sections -MMD -MP -MF"src/SI_logic.d" -MT"src/SI_logic.d" -o "src/SI_logic.o" "../src/SI_logic.c"
../src/SI_logic.c: In function 'move_projectile':
../src/SI_logic.c:36:9: warning: unused variable 'j' [-Wunused-variable]
../src/SI_logic.c:36:6: warning: unused variable 'i' [-Wunused-variable]
../src/SI_logic.c: At top level:
../src/SI_logic.c:48:6: error: conflicting types for 'shoot_projectile'
../src/SI_logic.h:16:6: note: previous declaration of 'shoot_projectile' was here
../src/SI_logic.c: In function 'shoot_projectile':
../src/SI_logic.c:50:8: error: 'projectiles' undeclared (first use in this function)
../src/SI_logic.c:50:8: note: each undeclared identifier is reported only once for each function it appears in
../src/SI_logic.c:53:67: error: 'MAX_Y' undeclared (first use in this function)
make: *** [src/SI_logic.o] Greška 1
17:12:21 **** Auto Build of configuration Debug for project Space_invaders ****
make all 
Building file: ../src/SI_logic.c
Invoking: MicroBlaze gcc compiler
mb-gcc -Wall -O0 -g3 -c -fmessage-length=0 -I../../Space_invaders_bsp/microblaze_0/include -mlittle-endian -mxl-barrel-shift -mxl-pattern-compare -mcpu=v8.50.b -mno-xl-soft-mul -Wl,--no-relax -ffunction-sections -fdata-sections -MMD -MP -MF"src/SI_logic.d" -MT"src/SI_logic.d" -o "src/SI_logic.o" "../src/SI_logic.c"
../src/SI_logic.c: In function 'move_projectile':
../src/SI_logic.c:36:9: warning: unused variable 'j' [-Wunused-variable]
../src/SI_logic.c:36:6: warning: unused variable 'i' [-Wunused-variable]
../src/SI_logic.c: In function 'shoot_projectile':
../src/SI_logic.c:50:24: error: 'x' undeclared (first use in this function)
../src/SI_logic.c:50:24: note: each undeclared identifier is reported only once for each function it appears in
../src/SI_logic.c:50:27: error: 'y' undeclared (first use in this function)
../src/SI_logic.c:53:5: error: 'projeciles_map' undeclared (first use in this function)
make: *** [src/SI_logic.o] Greška 1
17:12:39 **** Auto Build of configuration Debug for project Space_invaders ****
make all 
Building file: ../src/SI_logic.c
Invoking: MicroBlaze gcc compiler
mb-gcc -Wall -O0 -g3 -c -fmessage-length=0 -I../../Space_invaders_bsp/microblaze_0/include -mlittle-endian -mxl-barrel-shift -mxl-pattern-compare -mcpu=v8.50.b -mno-xl-soft-mul -Wl,--no-relax -ffunction-sections -fdata-sections -MMD -MP -MF"src/SI_logic.d" -MT"src/SI_logic.d" -o "src/SI_logic.o" "../src/SI_logic.c"
../src/SI_logic.c: In function 'move_projectile':
../src/SI_logic.c:36:9: warning: unused variable 'j' [-Wunused-variable]
../src/SI_logic.c:36:6: warning: unused variable 'i' [-Wunused-variable]
../src/SI_logic.c: In function 'shoot_projectile':
../src/SI_logic.c:51:62: error: 'x' undeclared (first use in this function)
../src/SI_logic.c:51:62: note: each undeclared identifier is reported only once for each function it appears in
../src/SI_logic.c:51:65: error: 'y' undeclared (first use in this function)
../src/SI_logic.c:53:5: error: 'projeciles_map' undeclared (first use in this function)
make: *** [src/SI_logic.o] Greška 1
17:12:58 **** Auto Build of configuration Debug for project Space_invaders ****
make all 
Building file: ../src/SI_logic.c
Invoking: MicroBlaze gcc compiler
mb-gcc -Wall -O0 -g3 -c -fmessage-length=0 -I../../Space_invaders_bsp/microblaze_0/include -mlittle-endian -mxl-barrel-shift -mxl-pattern-compare -mcpu=v8.50.b -mno-xl-soft-mul -Wl,--no-relax -ffunction-sections -fdata-sections -MMD -MP -MF"src/SI_logic.d" -MT"src/SI_logic.d" -o "src/SI_logic.o" "../src/SI_logic.c"
../src/SI_logic.c: In function 'move_projectile':
../src/SI_logic.c:36:9: warning: unused variable 'j' [-Wunused-variable]
../src/SI_logic.c:36:6: warning: unused variable 'i' [-Wunused-variable]
../src/SI_logic.c: In function 'shoot_projectile':
../src/SI_logic.c:53:5: error: 'projeciles_map' undeclared (first use in this function)
../src/SI_logic.c:53:5: note: each undeclared identifier is reported only once for each function it appears in
make: *** [src/SI_logic.o] Greška 1
17:13:06 **** Auto Build of configuration Debug for project Space_invaders ****
make all 
Building file: ../src/SI_logic.c
Invoking: MicroBlaze gcc compiler
mb-gcc -Wall -O0 -g3 -c -fmessage-length=0 -I../../Space_invaders_bsp/microblaze_0/include -mlittle-endian -mxl-barrel-shift -mxl-pattern-compare -mcpu=v8.50.b -mno-xl-soft-mul -Wl,--no-relax -ffunction-sections -fdata-sections -MMD -MP -MF"src/SI_logic.d" -MT"src/SI_logic.d" -o "src/SI_logic.o" "../src/SI_logic.c"
../src/SI_logic.c: In function 'move_projectile':
../src/SI_logic.c:36:9: warning: unused variable 'j' [-Wunused-variable]
../src/SI_logic.c:36:6: warning: unused variable 'i' [-Wunused-variable]
Finished building: ../src/SI_logic.c
 
Building file: ../src/SI_main.c
Invoking: MicroBlaze gcc compiler
mb-gcc -Wall -O0 -g3 -c -fmessage-length=0 -I../../Space_invaders_bsp/microblaze_0/include -mlittle-endian -mxl-barrel-shift -mxl-pattern-compare -mcpu=v8.50.b -mno-xl-soft-mul -Wl,--no-relax -ffunction-sections -fdata-sections -MMD -MP -MF"src/SI_main.d" -MT"src/SI_main.d" -o "src/SI_main.o" "../src/SI_main.c"
../src/SI_main.c: In function 'main':
../src/SI_main.c:89:21: error: 'projectiles' undeclared (first use in this function)
../src/SI_main.c:89:21: note: each undeclared identifier is reported only once for each function it appears in
../src/SI_main.c:89:4: error: too few arguments to function 'shoot_projectile'
../src/SI_logic.h:16:6: note: declared here
../src/SI_main.c:41:12: warning: variable 'projectiles_num' set but not used [-Wunused-but-set-variable]
../src/SI_main.c:40:12: warning: variable 'projectiles_map' set but not used [-Wunused-but-set-variable]
make: *** [src/SI_main.o] Greška 1
17:13:51 **** Auto Build of configuration Debug for project Space_invaders ****
make all 
Building file: ../src/SI_main.c
Invoking: MicroBlaze gcc compiler
mb-gcc -Wall -O0 -g3 -c -fmessage-length=0 -I../../Space_invaders_bsp/microblaze_0/include -mlittle-endian -mxl-barrel-shift -mxl-pattern-compare -mcpu=v8.50.b -mno-xl-soft-mul -Wl,--no-relax -ffunction-sections -fdata-sections -MMD -MP -MF"src/SI_main.d" -MT"src/SI_main.d" -o "src/SI_main.o" "../src/SI_main.c"
../src/SI_main.c: In function 'main':
../src/SI_main.c:89:51: error: 'spaceship_y' undeclared (first use in this function)
../src/SI_main.c:89:51: note: each undeclared identifier is reported only once for each function it appears in
../src/SI_main.c:89:4: warning: passing argument 1 of 'shoot_projectile' from incompatible pointer type [enabled by default]
../src/SI_logic.h:16:6: note: expected 'Xuint8 **' but argument is of type 'Xuint8 (*)[14]'
../src/SI_main.c:41:12: warning: variable 'projectiles_num' set but not used [-Wunused-but-set-variable]
make: *** [src/SI_main.o] Greška 1
17:14:13 **** Auto Build of configuration Debug for project Space_invaders ****
make all 
Building file: ../src/SI_main.c
Invoking: MicroBlaze gcc compiler
mb-gcc -Wall -O0 -g3 -c -fmessage-length=0 -I../../Space_invaders_bsp/microblaze_0/include -mlittle-endian -mxl-barrel-shift -mxl-pattern-compare -mcpu=v8.50.b -mno-xl-soft-mul -Wl,--no-relax -ffunction-sections -fdata-sections -MMD -MP -MF"src/SI_main.d" -MT"src/SI_main.d" -o "src/SI_main.o" "../src/SI_main.c"
../src/SI_main.c: In function 'main':
../src/SI_main.c:89:4: warning: passing argument 1 of 'shoot_projectile' from incompatible pointer type [enabled by default]
../src/SI_logic.h:16:6: note: expected 'Xuint8 **' but argument is of type 'Xuint8 (*)[14]'
../src/SI_main.c:41:12: warning: variable 'projectiles_num' set but not used [-Wunused-but-set-variable]
Finished building: ../src/SI_main.c
 
Building target: Space_invaders.elf
Invoking: MicroBlaze gcc linker
mb-gcc -Wl,-T -Wl,../src/lscript.ld -L../../Space_invaders_bsp/microblaze_0/lib -mlittle-endian -mxl-barrel-shift -mxl-pattern-compare -mcpu=v8.50.b -mno-xl-soft-mul -Wl,--no-relax -Wl,--gc-sections -o "Space_invaders.elf"  ./src/SI_draw.o ./src/SI_globals.o ./src/SI_interrupt.o ./src/SI_logic.o ./src/SI_main.o ./src/platform.o   -Wl,--start-group,-lxil,-lgcc,-lc,--end-group
Finished building target: Space_invaders.elf
 
Invoking: MicroBlaze Print Size
mb-size Space_invaders.elf  |tee "Space_invaders.elf.size"
   text	   data	    bss	    dec	    hex	filename
  12678	    316	   2320	  15314	   3bd2	Space_invaders.elf
Finished building: Space_invaders.elf.size
 
Invoking: Xilinx ELF Check
elfcheck Space_invaders.elf -hw ../../Projekat_hw_platform/system.xml -pe microblaze_0  |tee "Space_invaders.elf.elfcheck"
elfcheck
Xilinx EDK 14.6 Build EDK_P.68d
Copyright (c) 1995-2012 Xilinx, Inc.  All rights reserved.

Command Line: elfcheck -hw ../../Projekat_hw_platform/system.xml -pe
microblaze_0 Space_invaders.elf 

ELF file	: Space_invaders.elf
elfcheck passed.
Finished building: Space_invaders.elf.elfcheck
 
17:15:28 **** Auto Build of configuration Debug for project Space_invaders ****
make all 
Building file: ../src/SI_logic.c
Invoking: MicroBlaze gcc compiler
mb-gcc -Wall -O0 -g3 -c -fmessage-length=0 -I../../Space_invaders_bsp/microblaze_0/include -mlittle-endian -mxl-barrel-shift -mxl-pattern-compare -mcpu=v8.50.b -mno-xl-soft-mul -Wl,--no-relax -ffunction-sections -fdata-sections -MMD -MP -MF"src/SI_logic.d" -MT"src/SI_logic.d" -o "src/SI_logic.o" "../src/SI_logic.c"
../src/SI_logic.c: In function 'move_projectile':
../src/SI_logic.c:36:9: warning: unused variable 'j' [-Wunused-variable]
../src/SI_logic.c:36:6: warning: unused variable 'i' [-Wunused-variable]
../src/SI_logic.c: At top level:
../src/SI_logic.c:48:6: error: conflicting types for 'shoot_projectile'
../src/SI_logic.h:16:6: note: previous declaration of 'shoot_projectile' was here
make: *** [src/SI_logic.o] Greška 1
17:15:34 **** Auto Build of configuration Debug for project Space_invaders ****
make all 
Building file: ../src/SI_logic.c
Invoking: MicroBlaze gcc compiler
mb-gcc -Wall -O0 -g3 -c -fmessage-length=0 -I../../Space_invaders_bsp/microblaze_0/include -mlittle-endian -mxl-barrel-shift -mxl-pattern-compare -mcpu=v8.50.b -mno-xl-soft-mul -Wl,--no-relax -ffunction-sections -fdata-sections -MMD -MP -MF"src/SI_logic.d" -MT"src/SI_logic.d" -o "src/SI_logic.o" "../src/SI_logic.c"
../src/SI_logic.c: In function 'move_projectile':
../src/SI_logic.c:36:9: warning: unused variable 'j' [-Wunused-variable]
../src/SI_logic.c:36:6: warning: unused variable 'i' [-Wunused-variable]
Finished building: ../src/SI_logic.c
 
Building target: Space_invaders.elf
Invoking: MicroBlaze gcc linker
mb-gcc -Wl,-T -Wl,../src/lscript.ld -L../../Space_invaders_bsp/microblaze_0/lib -mlittle-endian -mxl-barrel-shift -mxl-pattern-compare -mcpu=v8.50.b -mno-xl-soft-mul -Wl,--no-relax -Wl,--gc-sections -o "Space_invaders.elf"  ./src/SI_draw.o ./src/SI_globals.o ./src/SI_interrupt.o ./src/SI_logic.o ./src/SI_main.o ./src/platform.o   -Wl,--start-group,-lxil,-lgcc,-lc,--end-group
Finished building target: Space_invaders.elf
 
Invoking: MicroBlaze Print Size
mb-size Space_invaders.elf  |tee "Space_invaders.elf.size"
   text	   data	    bss	    dec	    hex	filename
  12654	    316	   2320	  15290	   3bba	Space_invaders.elf
Finished building: Space_invaders.elf.size
 
Invoking: Xilinx ELF Check
elfcheck Space_invaders.elf -hw ../../Projekat_hw_platform/system.xml -pe microblaze_0  |tee "Space_invaders.elf.elfcheck"
elfcheck
Xilinx EDK 14.6 Build EDK_P.68d
Copyright (c) 1995-2012 Xilinx, Inc.  All rights reserved.

Command Line: elfcheck -hw ../../Projekat_hw_platform/system.xml -pe
microblaze_0 Space_invaders.elf 

ELF file	: Space_invaders.elf
elfcheck passed.
Finished building: Space_invaders.elf.elfcheck
 
17:15:39 **** Auto Build of configuration Debug for project Space_invaders ****
make all 
Building file: ../src/SI_main.c
Invoking: MicroBlaze gcc compiler
mb-gcc -Wall -O0 -g3 -c -fmessage-length=0 -I../../Space_invaders_bsp/microblaze_0/include -mlittle-endian -mxl-barrel-shift -mxl-pattern-compare -mcpu=v8.50.b -mno-xl-soft-mul -Wl,--no-relax -ffunction-sections -fdata-sections -MMD -MP -MF"src/SI_main.d" -MT"src/SI_main.d" -o "src/SI_main.o" "../src/SI_main.c"
../src/SI_main.c: In function 'main':
../src/SI_main.c:89:4: warning: passing argument 1 of 'shoot_projectile' from incompatible pointer type [enabled by default]
../src/SI_logic.h:16:6: note: expected 'Xuint8 **' but argument is of type 'Xuint8 (*)[14]'
../src/SI_main.c:41:12: warning: variable 'projectiles_num' set but not used [-Wunused-but-set-variable]
Finished building: ../src/SI_main.c
 
Building target: Space_invaders.elf
Invoking: MicroBlaze gcc linker
mb-gcc -Wl,-T -Wl,../src/lscript.ld -L../../Space_invaders_bsp/microblaze_0/lib -mlittle-endian -mxl-barrel-shift -mxl-pattern-compare -mcpu=v8.50.b -mno-xl-soft-mul -Wl,--no-relax -Wl,--gc-sections -o "Space_invaders.elf"  ./src/SI_draw.o ./src/SI_globals.o ./src/SI_interrupt.o ./src/SI_logic.o ./src/SI_main.o ./src/platform.o   -Wl,--start-group,-lxil,-lgcc,-lc,--end-group
Finished building target: Space_invaders.elf
 
Invoking: MicroBlaze Print Size
mb-size Space_invaders.elf  |tee "Space_invaders.elf.size"
   text	   data	    bss	    dec	    hex	filename
  12650	    316	   2330	  15296	   3bc0	Space_invaders.elf
Finished building: Space_invaders.elf.size
 
Invoking: Xilinx ELF Check
elfcheck Space_invaders.elf -hw ../../Projekat_hw_platform/system.xml -pe microblaze_0  |tee "Space_invaders.elf.elfcheck"
elfcheck
Xilinx EDK 14.6 Build EDK_P.68d
Copyright (c) 1995-2012 Xilinx, Inc.  All rights reserved.

Command Line: elfcheck -hw ../../Projekat_hw_platform/system.xml -pe
microblaze_0 Space_invaders.elf 

ELF file	: Space_invaders.elf
elfcheck passed.
Finished building: Space_invaders.elf.elfcheck
 
17:16:00 **** Auto Build of configuration Debug for project Space_invaders ****
make all 
Building file: ../src/SI_main.c
Invoking: MicroBlaze gcc compiler
mb-gcc -Wall -O0 -g3 -c -fmessage-length=0 -I../../Space_invaders_bsp/microblaze_0/include -mlittle-endian -mxl-barrel-shift -mxl-pattern-compare -mcpu=v8.50.b -mno-xl-soft-mul -Wl,--no-relax -ffunction-sections -fdata-sections -MMD -MP -MF"src/SI_main.d" -MT"src/SI_main.d" -o "src/SI_main.o" "../src/SI_main.c"
../src/SI_main.c: In function 'main':
../src/SI_main.c:89:4: warning: passing argument 1 of 'shoot_projectile' from incompatible pointer type [enabled by default]
../src/SI_logic.h:16:6: note: expected 'Xuint8 **' but argument is of type 'Xuint8 (*)[79][14]'
../src/SI_main.c:41:12: warning: variable 'projectiles_num' set but not used [-Wunused-but-set-variable]
Finished building: ../src/SI_main.c
 
Building target: Space_invaders.elf
Invoking: MicroBlaze gcc linker
mb-gcc -Wl,-T -Wl,../src/lscript.ld -L../../Space_invaders_bsp/microblaze_0/lib -mlittle-endian -mxl-barrel-shift -mxl-pattern-compare -mcpu=v8.50.b -mno-xl-soft-mul -Wl,--no-relax -Wl,--gc-sections -o "Space_invaders.elf"  ./src/SI_draw.o ./src/SI_globals.o ./src/SI_interrupt.o ./src/SI_logic.o ./src/SI_main.o ./src/platform.o   -Wl,--start-group,-lxil,-lgcc,-lc,--end-group
Finished building target: Space_invaders.elf
 
Invoking: MicroBlaze Print Size
mb-size Space_invaders.elf  |tee "Space_invaders.elf.size"
   text	   data	    bss	    dec	    hex	filename
  12650	    316	   2330	  15296	   3bc0	Space_invaders.elf
Finished building: Space_invaders.elf.size
 
Invoking: Xilinx ELF Check
elfcheck Space_invaders.elf -hw ../../Projekat_hw_platform/system.xml -pe microblaze_0  |tee "Space_invaders.elf.elfcheck"
elfcheck
Xilinx EDK 14.6 Build EDK_P.68d
Copyright (c) 1995-2012 Xilinx, Inc.  All rights reserved.

Command Line: elfcheck -hw ../../Projekat_hw_platform/system.xml -pe
microblaze_0 Space_invaders.elf 

ELF file	: Space_invaders.elf
elfcheck passed.
Finished building: Space_invaders.elf.elfcheck
 
17:16:07 **** Auto Build of configuration Debug for project Space_invaders ****
make all 
Building file: ../src/SI_main.c
Invoking: MicroBlaze gcc compiler
mb-gcc -Wall -O0 -g3 -c -fmessage-length=0 -I../../Space_invaders_bsp/microblaze_0/include -mlittle-endian -mxl-barrel-shift -mxl-pattern-compare -mcpu=v8.50.b -mno-xl-soft-mul -Wl,--no-relax -ffunction-sections -fdata-sections -MMD -MP -MF"src/SI_main.d" -MT"src/SI_main.d" -o "src/SI_main.o" "../src/SI_main.c"
../src/SI_main.c: In function 'main':
../src/SI_main.c:89:4: warning: passing argument 1 of 'shoot_projectile' from incompatible pointer type [enabled by default]
../src/SI_logic.h:16:6: note: expected 'Xuint8 **' but argument is of type 'Xuint8 (*)[14]'
../src/SI_main.c:41:12: warning: variable 'projectiles_num' set but not used [-Wunused-but-set-variable]
Finished building: ../src/SI_main.c
 
Building target: Space_invaders.elf
Invoking: MicroBlaze gcc linker
mb-gcc -Wl,-T -Wl,../src/lscript.ld -L../../Space_invaders_bsp/microblaze_0/lib -mlittle-endian -mxl-barrel-shift -mxl-pattern-compare -mcpu=v8.50.b -mno-xl-soft-mul -Wl,--no-relax -Wl,--gc-sections -o "Space_invaders.elf"  ./src/SI_draw.o ./src/SI_globals.o ./src/SI_interrupt.o ./src/SI_logic.o ./src/SI_main.o ./src/platform.o   -Wl,--start-group,-lxil,-lgcc,-lc,--end-group
Finished building target: Space_invaders.elf
 
Invoking: MicroBlaze Print Size
mb-size Space_invaders.elf  |tee "Space_invaders.elf.size"
   text	   data	    bss	    dec	    hex	filename
  12650	    316	   2330	  15296	   3bc0	Space_invaders.elf
Finished building: Space_invaders.elf.size
 
Invoking: Xilinx ELF Check
elfcheck Space_invaders.elf -hw ../../Projekat_hw_platform/system.xml -pe microblaze_0  |tee "Space_invaders.elf.elfcheck"
elfcheck
Xilinx EDK 14.6 Build EDK_P.68d
Copyright (c) 1995-2012 Xilinx, Inc.  All rights reserved.

Command Line: elfcheck -hw ../../Projekat_hw_platform/system.xml -pe
microblaze_0 Space_invaders.elf 

ELF file	: Space_invaders.elf
elfcheck passed.
Finished building: Space_invaders.elf.elfcheck
 
17:16:48 **** Incremental Build of configuration Debug for project Space_invaders ****
make all 
make: Ništa za napraviti za `all'.
17:17:13 **** Auto Build of configuration Debug for project Space_invaders ****
make all 
Building file: ../src/SI_logic.c
Invoking: MicroBlaze gcc compiler
mb-gcc -Wall -O0 -g3 -c -fmessage-length=0 -I../../Space_invaders_bsp/microblaze_0/include -mlittle-endian -mxl-barrel-shift -mxl-pattern-compare -mcpu=v8.50.b -mno-xl-soft-mul -Wl,--no-relax -ffunction-sections -fdata-sections -MMD -MP -MF"src/SI_logic.d" -MT"src/SI_logic.d" -o "src/SI_logic.o" "../src/SI_logic.c"
../src/SI_logic.c: In function 'move_projectile':
../src/SI_logic.c:36:9: warning: unused variable 'j' [-Wunused-variable]
../src/SI_logic.c:36:6: warning: unused variable 'i' [-Wunused-variable]
Finished building: ../src/SI_logic.c
 
Building target: Space_invaders.elf
Invoking: MicroBlaze gcc linker
mb-gcc -Wl,-T -Wl,../src/lscript.ld -L../../Space_invaders_bsp/microblaze_0/lib -mlittle-endian -mxl-barrel-shift -mxl-pattern-compare -mcpu=v8.50.b -mno-xl-soft-mul -Wl,--no-relax -Wl,--gc-sections -o "Space_invaders.elf"  ./src/SI_draw.o ./src/SI_globals.o ./src/SI_interrupt.o ./src/SI_logic.o ./src/SI_main.o ./src/platform.o   -Wl,--start-group,-lxil,-lgcc,-lc,--end-group
Finished building target: Space_invaders.elf
 
Invoking: MicroBlaze Print Size
mb-size Space_invaders.elf  |tee "Space_invaders.elf.size"
   text	   data	    bss	    dec	    hex	filename
  12650	    316	   2330	  15296	   3bc0	Space_invaders.elf
Finished building: Space_invaders.elf.size
 
Invoking: Xilinx ELF Check
elfcheck Space_invaders.elf -hw ../../Projekat_hw_platform/system.xml -pe microblaze_0  |tee "Space_invaders.elf.elfcheck"
elfcheck
Xilinx EDK 14.6 Build EDK_P.68d
Copyright (c) 1995-2012 Xilinx, Inc.  All rights reserved.

Command Line: elfcheck -hw ../../Projekat_hw_platform/system.xml -pe
microblaze_0 Space_invaders.elf 

ELF file	: Space_invaders.elf
elfcheck passed.
Finished building: Space_invaders.elf.elfcheck
 
17:17:22 **** Incremental Build of configuration Debug for project Space_invaders ****
make all 
make: Ništa za napraviti za `all'.
17:17:38 **** Auto Build of configuration Debug for project Space_invaders ****
make all 
Building file: ../src/SI_logic.c
Invoking: MicroBlaze gcc compiler
mb-gcc -Wall -O0 -g3 -c -fmessage-length=0 -I../../Space_invaders_bsp/microblaze_0/include -mlittle-endian -mxl-barrel-shift -mxl-pattern-compare -mcpu=v8.50.b -mno-xl-soft-mul -Wl,--no-relax -ffunction-sections -fdata-sections -MMD -MP -MF"src/SI_logic.d" -MT"src/SI_logic.d" -o "src/SI_logic.o" "../src/SI_logic.c"
../src/SI_logic.c: In function 'move_projectile':
../src/SI_logic.c:36:9: warning: unused variable 'j' [-Wunused-variable]
../src/SI_logic.c:36:6: warning: unused variable 'i' [-Wunused-variable]
Finished building: ../src/SI_logic.c
 
Building target: Space_invaders.elf
Invoking: MicroBlaze gcc linker
mb-gcc -Wl,-T -Wl,../src/lscript.ld -L../../Space_invaders_bsp/microblaze_0/lib -mlittle-endian -mxl-barrel-shift -mxl-pattern-compare -mcpu=v8.50.b -mno-xl-soft-mul -Wl,--no-relax -Wl,--gc-sections -o "Space_invaders.elf"  ./src/SI_draw.o ./src/SI_globals.o ./src/SI_interrupt.o ./src/SI_logic.o ./src/SI_main.o ./src/platform.o   -Wl,--start-group,-lxil,-lgcc,-lc,--end-group
Finished building target: Space_invaders.elf
 
Invoking: MicroBlaze Print Size
mb-size Space_invaders.elf  |tee "Space_invaders.elf.size"
   text	   data	    bss	    dec	    hex	filename
  12618	    316	   2330	  15264	   3ba0	Space_invaders.elf
[...]
mb-size Space_invaders.elf  |tee "Space_invaders.elf.size"
   text	   data	    bss	    dec	    hex	filename
  10966	    316	   3584	  14866	   3a12	Space_invaders.elf
Finished building: Space_invaders.elf.size
 
Invoking: Xilinx ELF Check
elfcheck Space_invaders.elf -hw ../../Projekat_hw_platform/system.xml -pe microblaze_0  |tee "Space_invaders.elf.elfcheck"
elfcheck
Xilinx EDK 14.6 Build EDK_P.68d
Copyright (c) 1995-2012 Xilinx, Inc.  All rights reserved.

Command Line: elfcheck -hw ../../Projekat_hw_platform/system.xml -pe
microblaze_0 Space_invaders.elf 

ELF file	: Space_invaders.elf
elfcheck passed.
Finished building: Space_invaders.elf.elfcheck
 
19:19:55 **** Auto Build of configuration Debug for project Space_invaders ****
make all 
Building file: ../src/SI_logic.c
Invoking: MicroBlaze gcc compiler
mb-gcc -Wall -O0 -g3 -c -fmessage-length=0 -I../../Space_invaders_bsp/microblaze_0/include -mlittle-endian -mxl-barrel-shift -mxl-pattern-compare -mcpu=v8.50.b -mno-xl-soft-mul -Wl,--no-relax -ffunction-sections -fdata-sections -MMD -MP -MF"src/SI_logic.d" -MT"src/SI_logic.d" -o "src/SI_logic.o" "../src/SI_logic.c"
Finished building: ../src/SI_logic.c
 
Building target: Space_invaders.elf
Invoking: MicroBlaze gcc linker
mb-gcc -Wl,-T -Wl,../src/lscript.ld -L../../Space_invaders_bsp/microblaze_0/lib -mlittle-endian -mxl-barrel-shift -mxl-pattern-compare -mcpu=v8.50.b -mno-xl-soft-mul -Wl,--no-relax -Wl,--gc-sections -o "Space_invaders.elf"  ./src/SI_draw.o ./src/SI_globals.o ./src/SI_interrupt.o ./src/SI_logic.o ./src/SI_main.o ./src/platform.o   -Wl,--start-group,-lxil,-lgcc,-lc,--end-group
Finished building target: Space_invaders.elf
 
Invoking: MicroBlaze Print Size
mb-size Space_invaders.elf  |tee "Space_invaders.elf.size"
   text	   data	    bss	    dec	    hex	filename
  10966	    316	   3584	  14866	   3a12	Space_invaders.elf
Finished building: Space_invaders.elf.size
 
Invoking: Xilinx ELF Check
elfcheck Space_invaders.elf -hw ../../Projekat_hw_platform/system.xml -pe microblaze_0  |tee "Space_invaders.elf.elfcheck"
elfcheck
Xilinx EDK 14.6 Build EDK_P.68d
Copyright (c) 1995-2012 Xilinx, Inc.  All rights reserved.

Command Line: elfcheck -hw ../../Projekat_hw_platform/system.xml -pe
microblaze_0 Space_invaders.elf 

ELF file	: Space_invaders.elf
elfcheck passed.
Finished building: Space_invaders.elf.elfcheck
 
19:20:17 **** Auto Build of configuration Debug for project Space_invaders ****
make all 
Building file: ../src/SI_logic.c
Invoking: MicroBlaze gcc compiler
mb-gcc -Wall -O0 -g3 -c -fmessage-length=0 -I../../Space_invaders_bsp/microblaze_0/include -mlittle-endian -mxl-barrel-shift -mxl-pattern-compare -mcpu=v8.50.b -mno-xl-soft-mul -Wl,--no-relax -ffunction-sections -fdata-sections -MMD -MP -MF"src/SI_logic.d" -MT"src/SI_logic.d" -o "src/SI_logic.o" "../src/SI_logic.c"
Finished building: ../src/SI_logic.c
 
Building target: Space_invaders.elf
Invoking: MicroBlaze gcc linker
mb-gcc -Wl,-T -Wl,../src/lscript.ld -L../../Space_invaders_bsp/microblaze_0/lib -mlittle-endian -mxl-barrel-shift -mxl-pattern-compare -mcpu=v8.50.b -mno-xl-soft-mul -Wl,--no-relax -Wl,--gc-sections -o "Space_invaders.elf"  ./src/SI_draw.o ./src/SI_globals.o ./src/SI_interrupt.o ./src/SI_logic.o ./src/SI_main.o ./src/platform.o   -Wl,--start-group,-lxil,-lgcc,-lc,--end-group
Finished building target: Space_invaders.elf
 
Invoking: MicroBlaze Print Size
mb-size Space_invaders.elf  |tee "Space_invaders.elf.size"
   text	   data	    bss	    dec	    hex	filename
  10982	    316	   3584	  14882	   3a22	Space_invaders.elf
Finished building: Space_invaders.elf.size
 
Invoking: Xilinx ELF Check
elfcheck Space_invaders.elf -hw ../../Projekat_hw_platform/system.xml -pe microblaze_0  |tee "Space_invaders.elf.elfcheck"
elfcheck
Xilinx EDK 14.6 Build EDK_P.68d
Copyright (c) 1995-2012 Xilinx, Inc.  All rights reserved.

Command Line: elfcheck -hw ../../Projekat_hw_platform/system.xml -pe
microblaze_0 Space_invaders.elf 

ELF file	: Space_invaders.elf
elfcheck passed.
Finished building: Space_invaders.elf.elfcheck
 
19:20:19 **** Incremental Build of configuration Debug for project Space_invaders ****
make all 
make: Ništa za napraviti za `all'.
19:20:38 **** Auto Build of configuration Debug for project Space_invaders ****
make all 
Building file: ../src/SI_main.c
Invoking: MicroBlaze gcc compiler
mb-gcc -Wall -O0 -g3 -c -fmessage-length=0 -I../../Space_invaders_bsp/microblaze_0/include -mlittle-endian -mxl-barrel-shift -mxl-pattern-compare -mcpu=v8.50.b -mno-xl-soft-mul -Wl,--no-relax -ffunction-sections -fdata-sections -MMD -MP -MF"src/SI_main.d" -MT"src/SI_main.d" -o "src/SI_main.o" "../src/SI_main.c"
../src/SI_main.c: In function 'main':
../src/SI_main.c:42:30: warning: variable 'left' set but not used [-Wunused-but-set-variable]
../src/SI_main.c:42:12: warning: variable 'rigth' set but not used [-Wunused-but-set-variable]
../src/SI_main.c:41:8: warning: variable 'offsets' set but not used [-Wunused-but-set-variable]
Finished building: ../src/SI_main.c
 
Building target: Space_invaders.elf
Invoking: MicroBlaze gcc linker
mb-gcc -Wl,-T -Wl,../src/lscript.ld -L../../Space_invaders_bsp/microblaze_0/lib -mlittle-endian -mxl-barrel-shift -mxl-pattern-compare -mcpu=v8.50.b -mno-xl-soft-mul -Wl,--no-relax -Wl,--gc-sections -o "Space_invaders.elf"  ./src/SI_draw.o ./src/SI_globals.o ./src/SI_interrupt.o ./src/SI_logic.o ./src/SI_main.o ./src/platform.o   -Wl,--start-group,-lxil,-lgcc,-lc,--end-group
Finished building target: Space_invaders.elf
 
Invoking: MicroBlaze Print Size
mb-size Space_invaders.elf  |tee "Space_invaders.elf.size"
   text	   data	    bss	    dec	    hex	filename
  11178	    316	   3594	  15088	   3af0	Space_invaders.elf
Finished building: Space_invaders.elf.size
 
Invoking: Xilinx ELF Check
elfcheck Space_invaders.elf -hw ../../Projekat_hw_platform/system.xml -pe microblaze_0  |tee "Space_invaders.elf.elfcheck"
elfcheck
Xilinx EDK 14.6 Build EDK_P.68d
Copyright (c) 1995-2012 Xilinx, Inc.  All rights reserved.

Command Line: elfcheck -hw ../../Projekat_hw_platform/system.xml -pe
microblaze_0 Space_invaders.elf 

ELF file	: Space_invaders.elf
elfcheck passed.
Finished building: Space_invaders.elf.elfcheck
 
19:20:41 **** Incremental Build of configuration Debug for project Space_invaders ****
make all 
make: Ništa za napraviti za `all'.
19:21:16 **** Auto Build of configuration Debug for project Space_invaders ****
make all 
Building file: ../src/SI_logic.c
Invoking: MicroBlaze gcc compiler
mb-gcc -Wall -O0 -g3 -c -fmessage-length=0 -I../../Space_invaders_bsp/microblaze_0/include -mlittle-endian -mxl-barrel-shift -mxl-pattern-compare -mcpu=v8.50.b -mno-xl-soft-mul -Wl,--no-relax -ffunction-sections -fdata-sections -MMD -MP -MF"src/SI_logic.d" -MT"src/SI_logic.d" -o "src/SI_logic.o" "../src/SI_logic.c"
Finished building: ../src/SI_logic.c
 
Building target: Space_invaders.elf
Invoking: MicroBlaze gcc linker
mb-gcc -Wl,-T -Wl,../src/lscript.ld -L../../Space_invaders_bsp/microblaze_0/lib -mlittle-endian -mxl-barrel-shift -mxl-pattern-compare -mcpu=v8.50.b -mno-xl-soft-mul -Wl,--no-relax -Wl,--gc-sections -o "Space_invaders.elf"  ./src/SI_draw.o ./src/SI_globals.o ./src/SI_interrupt.o ./src/SI_logic.o ./src/SI_main.o ./src/platform.o   -Wl,--start-group,-lxil,-lgcc,-lc,--end-group
Finished building target: Space_invaders.elf
 
Invoking: MicroBlaze Print Size
mb-size Space_invaders.elf  |tee "Space_invaders.elf.size"
   text	   data	    bss	    dec	    hex	filename
  11214	    316	   3584	  15114	   3b0a	Space_invaders.elf
Finished building: Space_invaders.elf.size
 
Invoking: Xilinx ELF Check
elfcheck Space_invaders.elf -hw ../../Projekat_hw_platform/system.xml -pe microblaze_0  |tee "Space_invaders.elf.elfcheck"
elfcheck
Xilinx EDK 14.6 Build EDK_P.68d
Copyright (c) 1995-2012 Xilinx, Inc.  All rights reserved.

Command Line: elfcheck -hw ../../Projekat_hw_platform/system.xml -pe
microblaze_0 Space_invaders.elf 

ELF file	: Space_invaders.elf
elfcheck passed.
Finished building: Space_invaders.elf.elfcheck
 
19:21:19 **** Incremental Build of configuration Debug for project Space_invaders ****
make all 
make: Ništa za napraviti za `all'.
19:21:44 **** Auto Build of configuration Debug for project Space_invaders ****
make all 
Building file: ../src/SI_logic.c
Invoking: MicroBlaze gcc compiler
mb-gcc -Wall -O0 -g3 -c -fmessage-length=0 -I../../Space_invaders_bsp/microblaze_0/include -mlittle-endian -mxl-barrel-shift -mxl-pattern-compare -mcpu=v8.50.b -mno-xl-soft-mul -Wl,--no-relax -ffunction-sections -fdata-sections -MMD -MP -MF"src/SI_logic.d" -MT"src/SI_logic.d" -o "src/SI_logic.o" "../src/SI_logic.c"
Finished building: ../src/SI_logic.c
 
Building target: Space_invaders.elf
Invoking: MicroBlaze gcc linker
mb-gcc -Wl,-T -Wl,../src/lscript.ld -L../../Space_invaders_bsp/microblaze_0/lib -mlittle-endian -mxl-barrel-shift -mxl-pattern-compare -mcpu=v8.50.b -mno-xl-soft-mul -Wl,--no-relax -Wl,--gc-sections -o "Space_invaders.elf"  ./src/SI_draw.o ./src/SI_globals.o ./src/SI_interrupt.o ./src/SI_logic.o ./src/SI_main.o ./src/platform.o   -Wl,--start-group,-lxil,-lgcc,-lc,--end-group
Finished building target: Space_invaders.elf
 
Invoking: MicroBlaze Print Size
mb-size Space_invaders.elf  |tee "Space_invaders.elf.size"
   text	   data	    bss	    dec	    hex	filename
  11130	    316	   3594	  15040	   3ac0	Space_invaders.elf
Finished building: Space_invaders.elf.size
 
Invoking: Xilinx ELF Check
elfcheck Space_invaders.elf -hw ../../Projekat_hw_platform/system.xml -pe microblaze_0  |tee "Space_invaders.elf.elfcheck"
elfcheck
Xilinx EDK 14.6 Build EDK_P.68d
Copyright (c) 1995-2012 Xilinx, Inc.  All rights reserved.

Command Line: elfcheck -hw ../../Projekat_hw_platform/system.xml -pe
microblaze_0 Space_invaders.elf 

ELF file	: Space_invaders.elf
elfcheck passed.
Finished building: Space_invaders.elf.elfcheck
 
19:21:47 **** Incremental Build of configuration Debug for project Space_invaders ****
make all 
make: Ništa za napraviti za `all'.
19:23:13 **** Auto Build of configuration Debug for project Space_invaders ****
make all 
Building file: ../src/SI_logic.c
Invoking: MicroBlaze gcc compiler
mb-gcc -Wall -O0 -g3 -c -fmessage-length=0 -I../../Space_invaders_bsp/microblaze_0/include -mlittle-endian -mxl-barrel-shift -mxl-pattern-compare -mcpu=v8.50.b -mno-xl-soft-mul -Wl,--no-relax -ffunction-sections -fdata-sections -MMD -MP -MF"src/SI_logic.d" -MT"src/SI_logic.d" -o "src/SI_logic.o" "../src/SI_logic.c"
../src/SI_logic.c: In function 'shoot_projectile':
../src/SI_logic.c:77:5: error: expected ';' before 'projectiles_map'
make: *** [src/SI_logic.o] Greška 1
19:23:19 **** Auto Build of configuration Debug for project Space_invaders ****
make all 
Building file: ../src/SI_logic.c
Invoking: MicroBlaze gcc compiler
mb-gcc -Wall -O0 -g3 -c -fmessage-length=0 -I../../Space_invaders_bsp/microblaze_0/include -mlittle-endian -mxl-barrel-shift -mxl-pattern-compare -mcpu=v8.50.b -mno-xl-soft-mul -Wl,--no-relax -ffunction-sections -fdata-sections -MMD -MP -MF"src/SI_logic.d" -MT"src/SI_logic.d" -o "src/SI_logic.o" "../src/SI_logic.c"
Finished building: ../src/SI_logic.c
 
Building target: Space_invaders.elf
Invoking: MicroBlaze gcc linker
mb-gcc -Wl,-T -Wl,../src/lscript.ld -L../../Space_invaders_bsp/microblaze_0/lib -mlittle-endian -mxl-barrel-shift -mxl-pattern-compare -mcpu=v8.50.b -mno-xl-soft-mul -Wl,--no-relax -Wl,--gc-sections -o "Space_invaders.elf"  ./src/SI_draw.o ./src/SI_globals.o ./src/SI_interrupt.o ./src/SI_logic.o ./src/SI_main.o ./src/platform.o   -Wl,--start-group,-lxil,-lgcc,-lc,--end-group
Finished building target: Space_invaders.elf
 
Invoking: MicroBlaze Print Size
mb-size Space_invaders.elf  |tee "Space_invaders.elf.size"
   text	   data	    bss	    dec	    hex	filename
  11202	    316	   3594	  15112	   3b08	Space_invaders.elf
Finished building: Space_invaders.elf.size
 
Invoking: Xilinx ELF Check
elfcheck Space_invaders.elf -hw ../../Projekat_hw_platform/system.xml -pe microblaze_0  |tee "Space_invaders.elf.elfcheck"
elfcheck
Xilinx EDK 14.6 Build EDK_P.68d
Copyright (c) 1995-2012 Xilinx, Inc.  All rights reserved.

Command Line: elfcheck -hw ../../Projekat_hw_platform/system.xml -pe
microblaze_0 Space_invaders.elf 

ELF file	: Space_invaders.elf
elfcheck passed.
Finished building: Space_invaders.elf.elfcheck
 
19:23:21 **** Incremental Build of configuration Debug for project Space_invaders ****
make all 
make: Ništa za napraviti za `all'.
19:23:38 **** Incremental Build of configuration Debug for project Space_invaders ****
make all 
make: Ništa za napraviti za `all'.
19:23:54 **** Auto Build of configuration Debug for project Space_invaders ****
make all 
Building file: ../src/SI_logic.c
Invoking: MicroBlaze gcc compiler
mb-gcc -Wall -O0 -g3 -c -fmessage-length=0 -I../../Space_invaders_bsp/microblaze_0/include -mlittle-endian -mxl-barrel-shift -mxl-pattern-compare -mcpu=v8.50.b -mno-xl-soft-mul -Wl,--no-relax -ffunction-sections -fdata-sections -MMD -MP -MF"src/SI_logic.d" -MT"src/SI_logic.d" -o "src/SI_logic.o" "../src/SI_logic.c"
Finished building: ../src/SI_logic.c
 
Building target: Space_invaders.elf
Invoking: MicroBlaze gcc linker
mb-gcc -Wl,-T -Wl,../src/lscript.ld -L../../Space_invaders_bsp/microblaze_0/lib -mlittle-endian -mxl-barrel-shift -mxl-pattern-compare -mcpu=v8.50.b -mno-xl-soft-mul -Wl,--no-relax -Wl,--gc-sections -o "Space_invaders.elf"  ./src/SI_draw.o ./src/SI_globals.o ./src/SI_interrupt.o ./src/SI_logic.o ./src/SI_main.o ./src/platform.o   -Wl,--start-group,-lxil,-lgcc,-lc,--end-group
Finished building target: Space_invaders.elf
 
Invoking: MicroBlaze Print Size
mb-size Space_invaders.elf  |tee "Space_invaders.elf.size"
   text	   data	    bss	    dec	    hex	filename
  11130	    316	   3594	  15040	   3ac0	Space_invaders.elf
Finished building: Space_invaders.elf.size
 
Invoking: Xilinx ELF Check
elfcheck Space_invaders.elf -hw ../../Projekat_hw_platform/system.xml -pe microblaze_0  |tee "Space_invaders.elf.elfcheck"
elfcheck
Xilinx EDK 14.6 Build EDK_P.68d
Copyright (c) 1995-2012 Xilinx, Inc.  All rights reserved.

Command Line: elfcheck -hw ../../Projekat_hw_platform/system.xml -pe
microblaze_0 Space_invaders.elf 

ELF file	: Space_invaders.elf
elfcheck passed.
Finished building: Space_invaders.elf.elfcheck
 
19:24:30 **** Auto Build of configuration Debug for project Space_invaders ****
make all 
Building file: ../src/SI_main.c
Invoking: MicroBlaze gcc compiler
mb-gcc -Wall -O0 -g3 -c -fmessage-length=0 -I../../Space_invaders_bsp/microblaze_0/include -mlittle-endian -mxl-barrel-shift -mxl-pattern-compare -mcpu=v8.50.b -mno-xl-soft-mul -Wl,--no-relax -ffunction-sections -fdata-sections -MMD -MP -MF"src/SI_main.d" -MT"src/SI_main.d" -o "src/SI_main.o" "../src/SI_main.c"
../src/SI_main.c: In function 'main':
../src/SI_main.c:42:30: warning: variable 'left' set but not used [-Wunused-but-set-variable]
../src/SI_main.c:42:12: warning: variable 'rigth' set but not used [-Wunused-but-set-variable]
../src/SI_main.c:41:8: warning: variable 'offsets' set but not used [-Wunused-but-set-variable]
Finished building: ../src/SI_main.c
 
Building target: Space_invaders.elf
Invoking: MicroBlaze gcc linker
mb-gcc -Wl,-T -Wl,../src/lscript.ld -L../../Space_invaders_bsp/microblaze_0/lib -mlittle-endian -mxl-barrel-shift -mxl-pattern-compare -mcpu=v8.50.b -mno-xl-soft-mul -Wl,--no-relax -Wl,--gc-sections -o "Space_invaders.elf"  ./src/SI_draw.o ./src/SI_globals.o ./src/SI_interrupt.o ./src/SI_logic.o ./src/SI_main.o ./src/platform.o   -Wl,--start-group,-lxil,-lgcc,-lc,--end-group
Finished building target: Space_invaders.elf
 
Invoking: MicroBlaze Print Size
mb-size Space_invaders.elf  |tee "Space_invaders.elf.size"
   text	   data	    bss	    dec	    hex	filename
  11130	    316	   3594	  15040	   3ac0	Space_invaders.elf
Finished building: Space_invaders.elf.size
 
Invoking: Xilinx ELF Check
elfcheck Space_invaders.elf -hw ../../Projekat_hw_platform/system.xml -pe microblaze_0  |tee "Space_invaders.elf.elfcheck"
elfcheck
Xilinx EDK 14.6 Build EDK_P.68d
Copyright (c) 1995-2012 Xilinx, Inc.  All rights reserved.

Command Line: elfcheck -hw ../../Projekat_hw_platform/system.xml -pe
microblaze_0 Space_invaders.elf 

ELF file	: Space_invaders.elf
elfcheck passed.
Finished building: Space_invaders.elf.elfcheck
 
19:25:55 **** Auto Build of configuration Debug for project Space_invaders ****
make all 
Building file: ../src/SI_logic.c
Invoking: MicroBlaze gcc compiler
mb-gcc -Wall -O0 -g3 -c -fmessage-length=0 -I../../Space_invaders_bsp/microblaze_0/include -mlittle-endian -mxl-barrel-shift -mxl-pattern-compare -mcpu=v8.50.b -mno-xl-soft-mul -Wl,--no-relax -ffunction-sections -fdata-sections -MMD -MP -MF"src/SI_logic.d" -MT"src/SI_logic.d" -o "src/SI_logic.o" "../src/SI_logic.c"
Finished building: ../src/SI_logic.c
 
Building target: Space_invaders.elf
Invoking: MicroBlaze gcc linker
mb-gcc -Wl,-T -Wl,../src/lscript.ld -L../../Space_invaders_bsp/microblaze_0/lib -mlittle-endian -mxl-barrel-shift -mxl-pattern-compare -mcpu=v8.50.b -mno-xl-soft-mul -Wl,--no-relax -Wl,--gc-sections -o "Space_invaders.elf"  ./src/SI_draw.o ./src/SI_globals.o ./src/SI_interrupt.o ./src/SI_logic.o ./src/SI_main.o ./src/platform.o   -Wl,--start-group,-lxil,-lgcc,-lc,--end-group
Finished building target: Space_invaders.elf
 
Invoking: MicroBlaze Print Size
mb-size Space_invaders.elf  |tee "Space_invaders.elf.size"
   text	   data	    bss	    dec	    hex	filename
  11106	    316	   3594	  15016	   3aa8	Space_invaders.elf
Finished building: Space_invaders.elf.size
 
Invoking: Xilinx ELF Check
elfcheck Space_invaders.elf -hw ../../Projekat_hw_platform/system.xml -pe microblaze_0  |tee "Space_invaders.elf.elfcheck"
elfcheck
Xilinx EDK 14.6 Build EDK_P.68d
Copyright (c) 1995-2012 Xilinx, Inc.  All rights reserved.

Command Line: elfcheck -hw ../../Projekat_hw_platform/system.xml -pe
microblaze_0 Space_invaders.elf 

ELF file	: Space_invaders.elf
elfcheck passed.
Finished building: Space_invaders.elf.elfcheck
 
19:25:58 **** Incremental Build of configuration Debug for project Space_invaders ****
make all 
make: Ništa za napraviti za `all'.
19:27:59 **** Auto Build of configuration Debug for project Space_invaders ****
make all 
Building file: ../src/SI_main.c
Invoking: MicroBlaze gcc compiler
mb-gcc -Wall -O0 -g3 -c -fmessage-length=0 -I../../Space_invaders_bsp/microblaze_0/include -mlittle-endian -mxl-barrel-shift -mxl-pattern-compare -mcpu=v8.50.b -mno-xl-soft-mul -Wl,--no-relax -ffunction-sections -fdata-sections -MMD -MP -MF"src/SI_main.d" -MT"src/SI_main.d" -o "src/SI_main.o" "../src/SI_main.c"
Finished building: ../src/SI_main.c
 
Building target: Space_invaders.elf
Invoking: MicroBlaze gcc linker
mb-gcc -Wl,-T -Wl,../src/lscript.ld -L../../Space_invaders_bsp/microblaze_0/lib -mlittle-endian -mxl-barrel-shift -mxl-pattern-compare -mcpu=v8.50.b -mno-xl-soft-mul -Wl,--no-relax -Wl,--gc-sections -o "Space_invaders.elf"  ./src/SI_draw.o ./src/SI_globals.o ./src/SI_interrupt.o ./src/SI_logic.o ./src/SI_main.o ./src/platform.o   -Wl,--start-group,-lxil,-lgcc,-lc,--end-group
Finished building target: Space_invaders.elf
 
Invoking: MicroBlaze Print Size
mb-size Space_invaders.elf  |tee "Space_invaders.elf.size"
   text	   data	    bss	    dec	    hex	filename
  13590	    316	   3584	  17490	   4452	Space_invaders.elf
Finished building: Space_invaders.elf.size
 
Invoking: Xilinx ELF Check
elfcheck Space_invaders.elf -hw ../../Projekat_hw_platform/system.xml -pe microblaze_0  |tee "Space_invaders.elf.elfcheck"
elfcheck
Xilinx EDK 14.6 Build EDK_P.68d
Copyright (c) 1995-2012 Xilinx, Inc.  All rights reserved.

Command Line: elfcheck -hw ../../Projekat_hw_platform/system.xml -pe
microblaze_0 Space_invaders.elf 

ELF file	: Space_invaders.elf
elfcheck passed.
Finished building: Space_invaders.elf.elfcheck
 
19:28:02 **** Incremental Build of configuration Debug for project Space_invaders ****
make all 
make: Ništa za napraviti za `all'.
