15:47:56 **** Clean-only build of configuration Debug for project Space_invaders ****
make clean 
rm -rf  ./src/SI_draw.o ./src/SI_globals.o ./src/SI_interrupt.o ./src/SI_logic.o ./src/SI_main.o ./src/platform.o  ./src/SI_draw.d ./src/SI_globals.d ./src/SI_interrupt.d ./src/SI_logic.d ./src/SI_main.d ./src/platform.d  Space_invaders.elf.size  Space_invaders.elf.elfcheck  Space_invaders.elf
 
15:47:56 **** Clean-only build of project Space_invaders_bsp ****
make -k clean 
rm -rf microblaze_0
15:47:57 **** Build of project Space_invaders_bsp ****
make -k all 
libgen -hw ../Projekat_hw_platform/system.xml\
	       \
	       -pe microblaze_0 \
	       -log libgen.log \
	       system.mss
libgen
Xilinx EDK 14.6 Build EDK_P.68d
Copyright (c) 1995-2012 Xilinx, Inc.  All rights reserved.

Command Line: libgen -hw ../Projekat_hw_platform/system.xml -pe microblaze_0
-log libgen.log system.mss 


Staging source files.
Running DRCs.
Running generate.
Running post_generate.
Running include - 'make -s include "COMPILER=mb-gcc" "ARCHIVER=mb-ar"
"COMPILER_FLAGS=-mlittle-endian -mno-xl-soft-mul -mxl-barrel-shift
-mxl-pattern-compare -mcpu=v8.50.b  -O2 -c" "EXTRA_COMPILER_FLAGS=-g
-ffunction-sections -fdata-sections"'.

Running libs - 'make -s libs "COMPILER=mb-gcc" "ARCHIVER=mb-ar"
"COMPILER_FLAGS=-mlittle-endian -mno-xl-soft-mul -mxl-barrel-shift
-mxl-pattern-compare -mcpu=v8.50.b  -O2 -c" "EXTRA_COMPILER_FLAGS=-g
-ffunction-sections -fdata-sections"'.
Compiling common
Compiling standalone
Compiling intc
Compiling uartlite
Compiling bram
Compiling cpu
Running execs_generate.
Finished building libraries
15:48:07 **** Build of configuration Debug for project Space_invaders ****
make all 
Building file: ../src/SI_draw.c
Invoking: MicroBlaze gcc compiler
mb-gcc -Wall -O0 -g3 -c -fmessage-length=0 -I../../Space_invaders_bsp/microblaze_0/include -mlittle-endian -mxl-barrel-shift -mxl-pattern-compare -mcpu=v8.50.b -mno-xl-soft-mul -Wl,--no-relax -ffunction-sections -fdata-sections -MMD -MP -MF"src/SI_draw.d" -MT"src/SI_draw.d" -o "src/SI_draw.o" "../src/SI_draw.c"
Finished building: ../src/SI_draw.c
 
Building file: ../src/SI_globals.c
Invoking: MicroBlaze gcc compiler
mb-gcc -Wall -O0 -g3 -c -fmessage-length=0 -I../../Space_invaders_bsp/microblaze_0/include -mlittle-endian -mxl-barrel-shift -mxl-pattern-compare -mcpu=v8.50.b -mno-xl-soft-mul -Wl,--no-relax -ffunction-sections -fdata-sections -MMD -MP -MF"src/SI_globals.d" -MT"src/SI_globals.d" -o "src/SI_globals.o" "../src/SI_globals.c"
Finished building: ../src/SI_globals.c
 
Building file: ../src/SI_interrupt.c
Invoking: MicroBlaze gcc compiler
mb-gcc -Wall -O0 -g3 -c -fmessage-length=0 -I../../Space_invaders_bsp/microblaze_0/include -mlittle-endian -mxl-barrel-shift -mxl-pattern-compare -mcpu=v8.50.b -mno-xl-soft-mul -Wl,--no-relax -ffunction-sections -fdata-sections -MMD -MP -MF"src/SI_interrupt.d" -MT"src/SI_interrupt.d" -o "src/SI_interrupt.o" "../src/SI_interrupt.c"
Finished building: ../src/SI_interrupt.c
 
Building file: ../src/SI_logic.c
Invoking: MicroBlaze gcc compiler
mb-gcc -Wall -O0 -g3 -c -fmessage-length=0 -I../../Space_invaders_bsp/microblaze_0/include -mlittle-endian -mxl-barrel-shift -mxl-pattern-compare -mcpu=v8.50.b -mno-xl-soft-mul -Wl,--no-relax -ffunction-sections -fdata-sections -MMD -MP -MF"src/SI_logic.d" -MT"src/SI_logic.d" -o "src/SI_logic.o" "../src/SI_logic.c"
../src/SI_logic.c: In function 'projectile_hit_invader':
../src/SI_logic.c:36:2: warning: array subscript has type 'char' [-Wchar-subscripts]
../src/SI_logic.c:36:2: warning: array subscript has type 'char' [-Wchar-subscripts]
../src/SI_logic.c:38:3: warning: array subscript has type 'char' [-Wchar-subscripts]
../src/SI_logic.c:38:3: warning: array subscript has type 'char' [-Wchar-subscripts]
../src/SI_logic.c:43:2: warning: array subscript has type 'char' [-Wchar-subscripts]
../src/SI_logic.c:45:3: warning: array subscript has type 'char' [-Wchar-subscripts]
../src/SI_logic.c:50:2: warning: array subscript has type 'char' [-Wchar-subscripts]
../src/SI_logic.c:52:3: warning: array subscript has type 'char' [-Wchar-subscripts]
../src/SI_logic.c: In function 'invader_hit_projectile':
../src/SI_logic.c:63:2: warning: array subscript has type 'char' [-Wchar-subscripts]
../src/SI_logic.c:63:2: warning: array subscript has type 'char' [-Wchar-subscripts]
../src/SI_logic.c:65:3: warning: array subscript has type 'char' [-Wchar-subscripts]
../src/SI_logic.c:65:3: warning: array subscript has type 'char' [-Wchar-subscripts]
../src/SI_logic.c:66:3: warning: array subscript has type 'char' [-Wchar-subscripts]
../src/SI_logic.c: In function 'invader_hit_projectile_down':
../src/SI_logic.c:77:2: warning: array subscript has type 'char' [-Wchar-subscripts]
../src/SI_logic.c:77:2: warning: array subscript has type 'char' [-Wchar-subscripts]
../src/SI_logic.c:79:3: warning: array subscript has type 'char' [-Wchar-subscripts]
../src/SI_logic.c:79:3: warning: array subscript has type 'char' [-Wchar-subscripts]
../src/SI_logic.c:80:3: warning: array subscript has type 'char' [-Wchar-subscripts]
../src/SI_logic.c:85:2: warning: array subscript has type 'char' [-Wchar-subscripts]
../src/SI_logic.c:87:3: warning: array subscript has type 'char' [-Wchar-subscripts]
../src/SI_logic.c:88:3: warning: array subscript has type 'char' [-Wchar-subscripts]
../src/SI_logic.c:93:2: warning: array subscript has type 'char' [-Wchar-subscripts]
../src/SI_logic.c:95:3: warning: array subscript has type 'char' [-Wchar-subscripts]
../src/SI_logic.c:96:3: warning: array subscript has type 'char' [-Wchar-subscripts]
../src/SI_logic.c: In function 'move_projectile_from_ship':
../src/SI_logic.c:114:3: warning: array subscript has type 'char' [-Wchar-subscripts]
../src/SI_logic.c:116:4: warning: array subscript has type 'char' [-Wchar-subscripts]
../src/SI_logic.c:116:4: warning: array subscript has type 'char' [-Wchar-subscripts]
../src/SI_logic.c:119:5: warning: array subscript has type 'char' [-Wchar-subscripts]
../src/SI_logic.c:119:5: warning: array subscript has type 'char' [-Wchar-subscripts]
../src/SI_logic.c:121:6: warning: array subscript has type 'char' [-Wchar-subscripts]
../src/SI_logic.c:126:7: warning: array subscript has type 'char' [-Wchar-subscripts]
../src/SI_logic.c:131:7: warning: array subscript has type 'char' [-Wchar-subscripts]
../src/SI_logic.c: In function 'move_invaders_row':
../src/SI_logic.c:177:4: warning: array subscript has type 'char' [-Wchar-subscripts]
../src/SI_logic.c:181:5: warning: array subscript has type 'char' [-Wchar-subscripts]
../src/SI_logic.c:182:5: warning: array subscript has type 'char' [-Wchar-subscripts]
../src/SI_logic.c:201:4: warning: array subscript has type 'char' [-Wchar-subscripts]
../src/SI_logic.c:205:5: warning: array subscript has type 'char' [-Wchar-subscripts]
../src/SI_logic.c:206:5: warning: array subscript has type 'char' [-Wchar-subscripts]
Finished building: ../src/SI_logic.c
 
Building file: ../src/SI_main.c
Invoking: MicroBlaze gcc compiler
mb-gcc -Wall -O0 -g3 -c -fmessage-length=0 -I../../Space_invaders_bsp/microblaze_0/include -mlittle-endian -mxl-barrel-shift -mxl-pattern-compare -mcpu=v8.50.b -mno-xl-soft-mul -Wl,--no-relax -ffunction-sections -fdata-sections -MMD -MP -MF"src/SI_main.d" -MT"src/SI_main.d" -o "src/SI_main.o" "../src/SI_main.c"
../src/SI_main.c: In function 'main':
../src/SI_main.c:63:24: warning: variable 'invader_y' set but not used [-Wunused-but-set-variable]
../src/SI_main.c:63:9: warning: variable 'invader_x' set but not used [-Wunused-but-set-variable]
Finished building: ../src/SI_main.c
 
Building file: ../src/platform.c
Invoking: MicroBlaze gcc compiler
mb-gcc -Wall -O0 -g3 -c -fmessage-length=0 -I../../Space_invaders_bsp/microblaze_0/include -mlittle-endian -mxl-barrel-shift -mxl-pattern-compare -mcpu=v8.50.b -mno-xl-soft-mul -Wl,--no-relax -ffunction-sections -fdata-sections -MMD -MP -MF"src/platform.d" -MT"src/platform.d" -o "src/platform.o" "../src/platform.c"
Finished building: ../src/platform.c
 
Building target: Space_invaders.elf
Invoking: MicroBlaze gcc linker
mb-gcc -Wl,-T -Wl,../src/lscript.ld -L../../Space_invaders_bsp/microblaze_0/lib -mlittle-endian -mxl-barrel-shift -mxl-pattern-compare -mcpu=v8.50.b -mno-xl-soft-mul -Wl,--no-relax -Wl,--gc-sections -o "Space_invaders.elf"  ./src/SI_draw.o ./src/SI_globals.o ./src/SI_interrupt.o ./src/SI_logic.o ./src/SI_main.o ./src/platform.o   -Wl,--start-group,-lxil,-lgcc,-lc,--end-group
Finished building target: Space_invaders.elf
 
Invoking: MicroBlaze Print Size
mb-size Space_invaders.elf  |tee "Space_invaders.elf.size"
   text	   data	    bss	    dec	    hex	filename
  22426	   1360	   4798	  28584	   6fa8	Space_invaders.elf
Finished building: Space_invaders.elf.size
 
Invoking: Xilinx ELF Check
elfcheck Space_invaders.elf -hw ../../Projekat_hw_platform/system.xml -pe microblaze_0  |tee "Space_invaders.elf.elfcheck"
elfcheck
Xilinx EDK 14.6 Build EDK_P.68d
Copyright (c) 1995-2012 Xilinx, Inc.  All rights reserved.

Command Line: elfcheck -hw ../../Projekat_hw_platform/system.xml -pe
microblaze_0 Space_invaders.elf 

ELF file	: Space_invaders.elf
elfcheck passed.
Finished building: Space_invaders.elf.elfcheck
 
15:48:11 **** Auto Build of project Space_invaders_bsp ****
make -k all 
Finished building libraries
15:48:38 **** Auto Build of project Space_invaders_bsp ****
make -k all 
Finished building libraries
15:48:40 **** Incremental Build of configuration Debug for project Space_invaders ****
make all 
make: Ništa za napraviti za `all'.
