18:38:52 **** Build of configuration Debug for project Space_invaders ****
make all 
Building file: ../src/SI_draw.c
Invoking: MicroBlaze gcc compiler
mb-gcc -Wall -O0 -g3 -c -fmessage-length=0 -I../../Space_invaders_bsp/microblaze_0/include -mlittle-endian -mxl-barrel-shift -mxl-pattern-compare -mcpu=v8.50.b -mno-xl-soft-mul -Wl,--no-relax -ffunction-sections -fdata-sections -MMD -MP -MF"src/SI_draw.d" -MT"src/SI_draw.d" -o "src/SI_draw.o" "../src/SI_draw.c"
Finished building: ../src/SI_draw.c
 
Building file: ../src/SI_globals.c
Invoking: MicroBlaze gcc compiler
mb-gcc -Wall -O0 -g3 -c -fmessage-length=0 -I../../Space_invaders_bsp/microblaze_0/include -mlittle-endian -mxl-barrel-shift -mxl-pattern-compare -mcpu=v8.50.b -mno-xl-soft-mul -Wl,--no-relax -ffunction-sections -fdata-sections -MMD -MP -MF"src/SI_globals.d" -MT"src/SI_globals.d" -o "src/SI_globals.o" "../src/SI_globals.c"
Finished building: ../src/SI_globals.c
 
Building file: ../src/SI_interrupt.c
Invoking: MicroBlaze gcc compiler
mb-gcc -Wall -O0 -g3 -c -fmessage-length=0 -I../../Space_invaders_bsp/microblaze_0/include -mlittle-endian -mxl-barrel-shift -mxl-pattern-compare -mcpu=v8.50.b -mno-xl-soft-mul -Wl,--no-relax -ffunction-sections -fdata-sections -MMD -MP -MF"src/SI_interrupt.d" -MT"src/SI_interrupt.d" -o "src/SI_interrupt.o" "../src/SI_interrupt.c"
Finished building: ../src/SI_interrupt.c
 
Building file: ../src/SI_logic.c
Invoking: MicroBlaze gcc compiler
mb-gcc -Wall -O0 -g3 -c -fmessage-length=0 -I../../Space_invaders_bsp/microblaze_0/include -mlittle-endian -mxl-barrel-shift -mxl-pattern-compare -mcpu=v8.50.b -mno-xl-soft-mul -Wl,--no-relax -ffunction-sections -fdata-sections -MMD -MP -MF"src/SI_logic.d" -MT"src/SI_logic.d" -o "src/SI_logic.o" "../src/SI_logic.c"
Finished building: ../src/SI_logic.c
 
Building file: ../src/SI_main.c
Invoking: MicroBlaze gcc compiler
mb-gcc -Wall -O0 -g3 -c -fmessage-length=0 -I../../Space_invaders_bsp/microblaze_0/include -mlittle-endian -mxl-barrel-shift -mxl-pattern-compare -mcpu=v8.50.b -mno-xl-soft-mul -Wl,--no-relax -ffunction-sections -fdata-sections -MMD -MP -MF"src/SI_main.d" -MT"src/SI_main.d" -o "src/SI_main.o" "../src/SI_main.c"
Finished building: ../src/SI_main.c
 
Building file: ../src/platform.c
Invoking: MicroBlaze gcc compiler
mb-gcc -Wall -O0 -g3 -c -fmessage-length=0 -I../../Space_invaders_bsp/microblaze_0/include -mlittle-endian -mxl-barrel-shift -mxl-pattern-compare -mcpu=v8.50.b -mno-xl-soft-mul -Wl,--no-relax -ffunction-sections -fdata-sections -MMD -MP -MF"src/platform.d" -MT"src/platform.d" -o "src/platform.o" "../src/platform.c"
Finished building: ../src/platform.c
 
Building target: Space_invaders.elf
Invoking: MicroBlaze gcc linker
mb-gcc -Wl,-T -Wl,../src/lscript.ld -L../../Space_invaders_bsp/microblaze_0/lib -mlittle-endian -mxl-barrel-shift -mxl-pattern-compare -mcpu=v8.50.b -mno-xl-soft-mul -Wl,--no-relax -Wl,--gc-sections -o "Space_invaders.elf"  ./src/SI_draw.o ./src/SI_globals.o ./src/SI_interrupt.o ./src/SI_logic.o ./src/SI_main.o ./src/platform.o   -Wl,--start-group,-lxil,-lgcc,-lc,--end-group
Finished building target: Space_invaders.elf
 
Invoking: MicroBlaze Print Size
mb-size Space_invaders.elf  |tee "Space_invaders.elf.size"
   text	   data	    bss	    dec	    hex	filename
  22766	   1360	   4880	  29006	   714e	Space_invaders.elf
Finished building: Space_invaders.elf.size
 
Invoking: Xilinx ELF Check
elfcheck Space_invaders.elf -hw ../../Projekat_hw_platform/system.xml -pe microblaze_0  |tee "Space_invaders.elf.elfcheck"
elfcheck
Xilinx EDK 14.6 Build EDK_P.68d
Copyright (c) 1995-2012 Xilinx, Inc.  All rights reserved.

Command Line: elfcheck -hw ../../Projekat_hw_platform/system.xml -pe
microblaze_0 Space_invaders.elf 

ELF file	: Space_invaders.elf
elfcheck passed.
Finished building: Space_invaders.elf.elfcheck
 

18:38:55 Build Finished (took 3s.198ms)

